Component: ARM Compiler 5.06 update 4 (build 422) Tool: armlink [4d35d2]

==============================================================================

Section Cross References

    main.o(i.main) refers to main.o(i.gpio_output_voltage_setup_3v3) for gpio_output_voltage_setup_3v3
    main.o(i.main) refers to boards.o(i.bsp_board_init) for bsp_board_init
    main.o(i.main) refers to esp8266.o(i.esp8266_init) for esp8266_init
    main.o(i.main) refers to w5500.o(i.SPI_W5500_Init) for SPI_W5500_Init
    main.o(i.main) refers to w5500.o(i.Load_Net_Parameters) for Load_Net_Parameters
    main.o(i.main) refers to w5500.o(i.W5500_Hardware_Reset) for W5500_Hardware_Reset
    main.o(i.main) refers to w5500.o(i.W5500_Initialization) for W5500_Initialization
    main.o(i.main) refers to tm1914.o(i.TM1914_Init) for TM1914_Init
    main.o(i.main) refers to main.o(i.test) for test
    main.o(i.test) refers to tm1914.o(i.TM1914_SendFrame) for TM1914_SendFrame
    main.o(i.test) refers to w5500.o(i.W5500_Socket_Set) for W5500_Socket_Set
    main.o(i.test) refers to esp8266.o(i.Hand) for Hand
    main.o(i.test) refers to main.o(i.nrf_gpio_pin_toggle) for nrf_gpio_pin_toggle
    main.o(i.test) refers to tm1914.o(i.TM1914_SetData) for TM1914_SetData
    main.o(i.test) refers to esp8266.o(i.CLR_Buf) for CLR_Buf
    main.o(i.test) refers to w5500.o(i.W5500_Interrupt_Process) for W5500_Interrupt_Process
    main.o(i.test) refers to w5500.o(i.Read_SOCK_Data_Buffer) for Read_SOCK_Data_Buffer
    main.o(i.test) refers to esp8266.o(.bss) for Rx232buffer
    main.o(i.test) refers to w5500.o(.data) for W5500_Interrupt
    main.o(i.test) refers to w5500.o(.bss) for Rx_Buffer
    w5500.o(i.Detect_Gateway) refers to w5500.o(i.Write_W5500_SOCK_4Byte) for Write_W5500_SOCK_4Byte
    w5500.o(i.Detect_Gateway) refers to w5500.o(i.Write_W5500_SOCK_1Byte) for Write_W5500_SOCK_1Byte
    w5500.o(i.Detect_Gateway) refers to w5500.o(i.nrf_delay_ms) for nrf_delay_ms
    w5500.o(i.Detect_Gateway) refers to w5500.o(i.Read_W5500_SOCK_1Byte) for Read_W5500_SOCK_1Byte
    w5500.o(i.Detect_Gateway) refers to w5500.o(.data) for IP_Addr
    w5500.o(i.Load_Net_Parameters) refers to w5500.o(.data) for Gateway_IP
    w5500.o(i.Process_Socket_Data) refers to w5500.o(i.Read_SOCK_Data_Buffer) for Read_SOCK_Data_Buffer
    w5500.o(i.Process_Socket_Data) refers to memcpya.o(.text) for __aeabi_memcpy
    w5500.o(i.Process_Socket_Data) refers to w5500.o(i.Write_SOCK_Data_Buffer) for Write_SOCK_Data_Buffer
    w5500.o(i.Process_Socket_Data) refers to w5500.o(.bss) for Rx_Buffer
    w5500.o(i.Read_SOCK_Data_Buffer) refers to w5500.o(i.Read_W5500_SOCK_2Byte) for Read_W5500_SOCK_2Byte
    w5500.o(i.Read_SOCK_Data_Buffer) refers to w5500.o(i.nrf_gpio_pin_clear) for nrf_gpio_pin_clear
    w5500.o(i.Read_SOCK_Data_Buffer) refers to w5500.o(i.nrf_drv_spi_transfer) for nrf_drv_spi_transfer
    w5500.o(i.Read_SOCK_Data_Buffer) refers to app_error.o(i.app_error_handler_bare) for app_error_handler_bare
    w5500.o(i.Read_SOCK_Data_Buffer) refers to w5500.o(i.nrf_gpio_pin_set) for nrf_gpio_pin_set
    w5500.o(i.Read_SOCK_Data_Buffer) refers to w5500.o(i.Write_W5500_SOCK_2Byte) for Write_W5500_SOCK_2Byte
    w5500.o(i.Read_SOCK_Data_Buffer) refers to w5500.o(i.Write_W5500_SOCK_1Byte) for Write_W5500_SOCK_1Byte
    w5500.o(i.Read_SOCK_Data_Buffer) refers to w5500.o(.data) for spi_tx_buf
    w5500.o(i.Read_SOCK_Data_Buffer) refers to w5500.o(.constdata) for spi
    w5500.o(i.Read_W5500_1Byte) refers to w5500.o(i.nrf_gpio_pin_clear) for nrf_gpio_pin_clear
    w5500.o(i.Read_W5500_1Byte) refers to w5500.o(i.nrf_drv_spi_transfer) for nrf_drv_spi_transfer
    w5500.o(i.Read_W5500_1Byte) refers to app_error.o(i.app_error_handler_bare) for app_error_handler_bare
    w5500.o(i.Read_W5500_1Byte) refers to w5500.o(i.nrf_gpio_pin_set) for nrf_gpio_pin_set
    w5500.o(i.Read_W5500_1Byte) refers to w5500.o(.data) for spi_tx_buf
    w5500.o(i.Read_W5500_1Byte) refers to w5500.o(.constdata) for spi
    w5500.o(i.Read_W5500_SOCK_1Byte) refers to w5500.o(i.nrf_gpio_pin_clear) for nrf_gpio_pin_clear
    w5500.o(i.Read_W5500_SOCK_1Byte) refers to w5500.o(i.nrf_drv_spi_transfer) for nrf_drv_spi_transfer
    w5500.o(i.Read_W5500_SOCK_1Byte) refers to app_error.o(i.app_error_handler_bare) for app_error_handler_bare
    w5500.o(i.Read_W5500_SOCK_1Byte) refers to w5500.o(i.nrf_gpio_pin_set) for nrf_gpio_pin_set
    w5500.o(i.Read_W5500_SOCK_1Byte) refers to w5500.o(.data) for spi_tx_buf
    w5500.o(i.Read_W5500_SOCK_1Byte) refers to w5500.o(.constdata) for spi
    w5500.o(i.Read_W5500_SOCK_2Byte) refers to w5500.o(i.nrf_gpio_pin_clear) for nrf_gpio_pin_clear
    w5500.o(i.Read_W5500_SOCK_2Byte) refers to w5500.o(i.nrf_drv_spi_transfer) for nrf_drv_spi_transfer
    w5500.o(i.Read_W5500_SOCK_2Byte) refers to app_error.o(i.app_error_handler_bare) for app_error_handler_bare
    w5500.o(i.Read_W5500_SOCK_2Byte) refers to w5500.o(i.nrf_gpio_pin_set) for nrf_gpio_pin_set
[...]
    ..\..\components\libraries\uart\app_uart_fifo.c 0x00000000   Number         0  app_uart_fifo.o ABSOLUTE
    ..\..\components\libraries\uart\retarget.c 0x00000000   Number         0  retarget.o ABSOLUTE
    ..\..\components\libraries\util\app_error.c 0x00000000   Number         0  app_error.o ABSOLUTE
    ..\..\components\libraries\util\app_error_handler_keil.c 0x00000000   Number         0  app_error_handler_keil.o ABSOLUTE
    ..\..\components\libraries\util\app_error_weak.c 0x00000000   Number         0  app_error_weak.o ABSOLUTE
    ..\..\components\libraries\util\app_util_platform.c 0x00000000   Number         0  app_util_platform.o ABSOLUTE
    ..\..\components\libraries\util\nrf_assert.c 0x00000000   Number         0  nrf_assert.o ABSOLUTE
    ..\..\integration\nrfx\legacy\nrf_drv_spi.c 0x00000000   Number         0  nrf_drv_spi.o ABSOLUTE
    ..\..\integration\nrfx\legacy\nrf_drv_uart.c 0x00000000   Number         0  nrf_drv_uart.o ABSOLUTE
    ..\..\modules\nrfx\drivers\src\nrfx_gpiote.c 0x00000000   Number         0  nrfx_gpiote.o ABSOLUTE
    ..\..\modules\nrfx\drivers\src\nrfx_spi.c 0x00000000   Number         0  nrfx_spi.o ABSOLUTE
    ..\..\modules\nrfx\drivers\src\nrfx_spim.c 0x00000000   Number         0  nrfx_spim.o ABSOLUTE
    ..\..\modules\nrfx\drivers\src\nrfx_uart.c 0x00000000   Number         0  nrfx_uart.o ABSOLUTE
    ..\..\modules\nrfx\drivers\src\nrfx_uarte.c 0x00000000   Number         0  nrfx_uarte.o ABSOLUTE
    ..\..\modules\nrfx\drivers\src\prs\nrfx_prs.c 0x00000000   Number         0  nrfx_prs.o ABSOLUTE
    ..\\..\\app\\esp8266\\esp8266.c          0x00000000   Number         0  esp8266.o ABSOLUTE
    ..\\..\\app\\main.c                      0x00000000   Number         0  main.o ABSOLUTE
    ..\\..\\app\\tm1914a\\tm1914.c           0x00000000   Number         0  tm1914.o ABSOLUTE
    ..\\..\\app\\w5500\\w5500.c              0x00000000   Number         0  w5500.o ABSOLUTE
    ..\\..\\components\\boards\\boards.c     0x00000000   Number         0  boards.o ABSOLUTE
    ..\\..\\components\\libraries\\fifo\\app_fifo.c 0x00000000   Number         0  app_fifo.o ABSOLUTE
    ..\\..\\components\\libraries\\strerror\\nrf_strerror.c 0x00000000   Number         0  nrf_strerror.o ABSOLUTE
    ..\\..\\components\\libraries\\uart\\app_uart_fifo.c 0x00000000   Number         0  app_uart_fifo.o ABSOLUTE
    ..\\..\\components\\libraries\\uart\\retarget.c 0x00000000   Number         0  retarget.o ABSOLUTE
    ..\\..\\components\\libraries\\util\\app_error.c 0x00000000   Number         0  app_error.o ABSOLUTE
    ..\\..\\components\\libraries\\util\\app_error_handler_keil.c 0x00000000   Number         0  app_error_handler_keil.o ABSOLUTE
    ..\\..\\components\\libraries\\util\\app_error_weak.c 0x00000000   Number         0  app_error_weak.o ABSOLUTE
    ..\\..\\components\\libraries\\util\\app_util_platform.c 0x00000000   Number         0  app_util_platform.o ABSOLUTE
    ..\\..\\components\\libraries\\util\\nrf_assert.c 0x00000000   Number         0  nrf_assert.o ABSOLUTE
    ..\\..\\integration\\nrfx\\legacy\\nrf_drv_spi.c 0x00000000   Number         0  nrf_drv_spi.o ABSOLUTE
    ..\\..\\integration\\nrfx\\legacy\\nrf_drv_uart.c 0x00000000   Number         0  nrf_drv_uart.o ABSOLUTE
    ..\\..\\modules\\nrfx\\drivers\\src\\nrfx_gpiote.c 0x00000000   Number         0  nrfx_gpiote.o ABSOLUTE
    ..\\..\\modules\\nrfx\\drivers\\src\\nrfx_spi.c 0x00000000   Number         0  nrfx_spi.o ABSOLUTE
    ..\\..\\modules\\nrfx\\drivers\\src\\nrfx_spim.c 0x00000000   Number         0  nrfx_spim.o ABSOLUTE
    ..\\..\\modules\\nrfx\\drivers\\src\\nrfx_uart.c 0x00000000   Number         0  nrfx_uart.o ABSOLUTE
    ..\\..\\modules\\nrfx\\drivers\\src\\nrfx_uarte.c 0x00000000   Number         0  nrfx_uarte.o ABSOLUTE
    ..\\..\\modules\\nrfx\\drivers\\src\\prs\\nrfx_prs.c 0x00000000   Number         0  nrfx_prs.o ABSOLUTE
    RTE\Device\nRF52840_xxAA\arm_startup_nrf52840.s 0x00000000   Number         0  arm_startup_nrf52840.o ABSOLUTE
    RTE\Device\nRF52840_xxAA\system_nrf52840.c 0x00000000   Number         0  system_nrf52840.o ABSOLUTE
    RTE\\Device\\nRF52840_xxAA\\system_nrf52840.c 0x00000000   Number         0  system_nrf52840.o ABSOLUTE
    cdrcmple.s                               0x00000000   Number         0  cdrcmple.o ABSOLUTE
    dc.s                                     0x00000000   Number         0  dc.o ABSOLUTE
    handlers.s                               0x00000000   Number         0  handlers.o ABSOLUTE
    init.s                                   0x00000000   Number         0  init.o ABSOLUTE
    .ARM.Collect$$$$00000000                 0x00000200   Section        0  entry.o(.ARM.Collect$$$$00000000)
    .ARM.Collect$$$$00000001                 0x00000200   Section        4  entry2.o(.ARM.Collect$$$$00000001)
    .ARM.Collect$$$$00000004                 0x00000204   Section        4  entry5.o(.ARM.Collect$$$$00000004)
    .ARM.Collect$$$$00000008                 0x00000208   Section        0  entry7b.o(.ARM.Collect$$$$00000008)
    .ARM.Collect$$$$0000000A                 0x00000208   Section        0  entry8b.o(.ARM.Collect$$$$0000000A)
    .ARM.Collect$$$$0000000B                 0x00000208   Section        8  entry9a.o(.ARM.Collect$$$$0000000B)
    .ARM.Collect$$$$0000000D                 0x00000210   Section        0  entry10a.o(.ARM.Collect$$$$0000000D)
    .ARM.Collect$$$$0000000F                 0x00000210   Section        0  entry11a.o(.ARM.Collect$$$$0000000F)
    .ARM.Collect$$$$00002712                 0x00000210   Section        4  entry2.o(.ARM.Collect$$$$00002712)
    __lit__00000000                          0x00000210   Data           4  entry2.o(.ARM.Collect$$$$00002712)
    .text                                    0x00000214   Section       36  arm_startup_nrf52840.o(.text)
    $v0                                      0x00000214   Number         0  arm_startup_nrf52840.o(.text)
    .text                                    0x00000238   Section        0  memcpya.o(.text)
    .text                                    0x0000025c   Section        0  strstr.o(.text)
    .text                                    0x00000280   Section       36  init.o(.text)
    i.CLR_Buf                                0x000002a4   Section        0  esp8266.o(i.CLR_Buf)
    i.Detect_Gateway                         0x000002c8   Section        0  w5500.o(i.Detect_Gateway)
    i.GPIOTE_IRQHandler                      0x00000390   Section        0  nrfx_gpiote.o(i.GPIOTE_IRQHandler)
    i.Hand                                   0x000005bc   Section        0  esp8266.o(i.Hand)
    i.Load_Net_Parameters                    0x000005d8   Section        0  w5500.o(i.Load_Net_Parameters)
    i.Read_SOCK_Data_Buffer                  0x00000670   Section        0  w5500.o(i.Read_SOCK_Data_Buffer)
    i.Read_W5500_1Byte                       0x000008b4   Section        0  w5500.o(i.Read_W5500_1Byte)
    i.Read_W5500_SOCK_1Byte                  0x00000924   Section        0  w5500.o(i.Read_W5500_SOCK_1Byte)
    i.Read_W5500_SOCK_2Byte                  0x000009a0   Section        0  w5500.o(i.Read_W5500_SOCK_2Byte)
    i.SPI1_Send_Byte                         0x00000a28   Section        0  w5500.o(i.SPI1_Send_Byte)
    i.SPI1_Send_Short                        0x00000a74   Section        0  w5500.o(i.SPI1_Send_Short)
    i.SPIM0_SPIS0_TWIM0_TWIS0_SPI0_TWI0_IRQHandler 0x00000a90   Section        0  nrfx_spim.o(i.SPIM0_SPIS0_TWIM0_TWIS0_SPI0_TWI0_IRQHandler)
    i.SPI_W5500_Init                         0x00000aa4   Section        0  w5500.o(i.SPI_W5500_Init)
    i.Socket_Connect                         0x00000ba0   Section        0  w5500.o(i.Socket_Connect)
    i.Socket_Init                            0x00000be8   Section        0  w5500.o(i.Socket_Init)
    i.Socket_Listen                          0x00000c5c   Section        0  w5500.o(i.Socket_Listen)
    i.Socket_UDP                             0x00000cc2   Section        0  w5500.o(i.Socket_UDP)
    i.SystemCoreClockUpdate                  0x00000d00   Section        0  system_nrf52840.o(i.SystemCoreClockUpdate)
    i.SystemInit                             0x00000d10   Section        0  system_nrf52840.o(i.SystemInit)
    i.TM1914_Init                            0x00000f40   Section        0  tm1914.o(i.TM1914_Init)
    i.TM1914_SendByte                        0x00000f50   Section        0  tm1914.o(i.TM1914_SendByte)
    i.TM1914_SendFrame                       0x00001090   Section        0  tm1914.o(i.TM1914_SendFrame)
    i.TM1914_SetData                         0x000010d0   Section        0  tm1914.o(i.TM1914_SetData)
    i.UARTE0_UART0_IRQHandler                0x000010f0   Section        0  nrfx_prs.o(i.UARTE0_UART0_IRQHandler)
    i.W5500_Hardware_Reset                   0x00001100   Section        0  w5500.o(i.W5500_Hardware_Reset)
    i.W5500_Init                             0x0000112c   Section        0  w5500.o(i.W5500_Init)
    i.W5500_Initialization                   0x000011c4   Section        0  w5500.o(i.W5500_Initialization)
    i.W5500_Interrupt_Process                0x000011d8   Section        0  w5500.o(i.W5500_Interrupt_Process)
    i.W5500_Socket_Set                       0x00001298   Section        0  w5500.o(i.W5500_Socket_Set)
    i.Write_W5500_1Byte                      0x00001304   Section        0  w5500.o(i.Write_W5500_1Byte)
    i.Write_W5500_2Byte                      0x0000132a   Section        0  w5500.o(i.Write_W5500_2Byte)
    i.Write_W5500_SOCK_1Byte                 0x00001350   Section        0  w5500.o(i.Write_W5500_SOCK_1Byte)
    i.Write_W5500_SOCK_2Byte                 0x00001382   Section        0  w5500.o(i.Write_W5500_SOCK_2Byte)
    i.Write_W5500_SOCK_4Byte                 0x000013b4   Section        0  w5500.o(i.Write_W5500_SOCK_4Byte)
    i.Write_W5500_nByte                      0x00001400   Section        0  w5500.o(i.Write_W5500_nByte)
    i.__0printf$bare                         0x0000143c   Section        0  printfb.o(i.__0printf$bare)
    i.__scatterload_copy                     0x0000144c   Section       14  handlers.o(i.__scatterload_copy)
    i.__scatterload_null                     0x0000145a   Section        2  handlers.o(i.__scatterload_null)
    i.__scatterload_zeroinit                 0x0000145c   Section       14  handlers.o(i.__scatterload_zeroinit)
    i._printf_core                           0x0000146a   Section        0  printfb.o(i._printf_core)
    _printf_core                             0x0000146b   Thumb Code    34  printfb.o(i._printf_core)
    i.app_error_fault_handler                0x0000148c   Section        0  app_error_weak.o(i.app_error_fault_handler)
    i.app_error_handler_bare                 0x000014e8   Section        0  app_error.o(i.app_error_handler_bare)
    i.app_fifo_get                           0x00001504   Section        0  app_fifo.o(i.app_fifo_get)
    i.app_fifo_init                          0x00001522   Section        0  app_fifo.o(i.app_fifo_init)
    i.app_fifo_put                           0x00001546   Section        0  app_fifo.o(i.app_fifo_put)
    i.app_uart_get                           0x00001568   Section        0  app_uart_fifo.o(i.app_uart_get)
    i.app_uart_init                          0x000015bc   Section        0  app_uart_fifo.o(i.app_uart_init)
    i.app_uart_put                           0x00001698   Section        0  app_uart_fifo.o(i.app_uart_put)
    i.app_util_critical_region_enter         0x00001704   Section        0  app_util_platform.o(i.app_util_critical_region_enter)
    i.app_util_critical_region_exit          0x0000170e   Section        0  app_util_platform.o(i.app_util_critical_region_exit)
    i.app_util_disable_irq                   0x00001718   Section        0  app_util_platform.o(i.app_util_disable_irq)
    i.app_util_enable_irq                    0x0000172c   Section        0  app_util_platform.o(i.app_util_enable_irq)
    i.apply_config                           0x00001744   Section        0  nrfx_uart.o(i.apply_config)
    apply_config                             0x00001745   Thumb Code   124  nrfx_uart.o(i.apply_config)
    i.apply_config                           0x000017c0   Section        0  nrfx_uarte.o(i.apply_config)
    apply_config                             0x000017c1   Thumb Code   124  nrfx_uarte.o(i.apply_config)
    i.bsp_board_buttons_init                 0x0000183c   Section        0  boards.o(i.bsp_board_buttons_init)
    bsp_board_buttons_init                   0x0000183d   Thumb Code    40  boards.o(i.bsp_board_buttons_init)
    i.bsp_board_init                         0x00001868   Section        0  boards.o(i.bsp_board_init)
    i.bsp_board_led_off                      0x00001884   Section        0  boards.o(i.bsp_board_led_off)
    i.bsp_board_leds_init                    0x00001898   Section        0  boards.o(i.bsp_board_leds_init)
    bsp_board_leds_init                      0x00001899   Thumb Code    42  boards.o(i.bsp_board_leds_init)
    i.bsp_board_leds_off                     0x000018c8   Section        0  boards.o(i.bsp_board_leds_off)
    i.channel_free                           0x000018dc   Section        0  nrfx_gpiote.o(i.channel_free)
    channel_free                             0x000018dd   Thumb Code    26  nrfx_gpiote.o(i.channel_free)
    i.channel_handler_get                    0x000018fc   Section        0  nrfx_gpiote.o(i.channel_handler_get)
    channel_handler_get                      0x000018fd   Thumb Code    10  nrfx_gpiote.o(i.channel_handler_get)
    i.channel_port_alloc                     0x0000190c   Section        0  nrfx_gpiote.o(i.channel_port_alloc)
    channel_port_alloc                       0x0000190d   Thumb Code   122  nrfx_gpiote.o(i.channel_port_alloc)
    i.channel_port_get                       0x0000198c   Section        0  nrfx_gpiote.o(i.channel_port_get)
    channel_port_get                         0x0000198d   Thumb Code     8  nrfx_gpiote.o(i.channel_port_get)
    i.errata_103                             0x00001998   Section        0  system_nrf52840.o(i.errata_103)
    errata_103                               0x00001999   Thumb Code    24  system_nrf52840.o(i.errata_103)
    i.errata_115                             0x000019b4   Section        0  system_nrf52840.o(i.errata_115)
    errata_115                               0x000019b5   Thumb Code    24  system_nrf52840.o(i.errata_115)
    i.errata_120                             0x000019d0   Section        0  system_nrf52840.o(i.errata_120)
    errata_120                               0x000019d1   Thumb Code    24  system_nrf52840.o(i.errata_120)
    i.errata_136                             0x000019ec   Section        0  system_nrf52840.o(i.errata_136)
    errata_136                               0x000019ed   Thumb Code    50  system_nrf52840.o(i.errata_136)
    i.errata_36                              0x00001a24   Section        0  system_nrf52840.o(i.errata_36)
    errata_36                                0x00001a25   Thumb Code    50  system_nrf52840.o(i.errata_36)
    i.errata_66                              0x00001a5c   Section        0  system_nrf52840.o(i.errata_66)
    errata_66                                0x00001a5d   Thumb Code    50  system_nrf52840.o(i.errata_66)
    i.errata_98                              0x00001a94   Section        0  system_nrf52840.o(i.errata_98)
    errata_98                                0x00001a95   Thumb Code    24  system_nrf52840.o(i.errata_98)
    i.esp8266_asmod                          0x00001ab0   Section        0  esp8266.o(i.esp8266_asmod)
    i.esp8266_init                           0x00001b8c   Section        0  esp8266.o(i.esp8266_init)
    i.esp8266_test                           0x00001c4c   Section        0  esp8266.o(i.esp8266_test)
    i.fifo_get                               0x00001c98   Section        0  app_fifo.o(i.fifo_get)
    fifo_get                                 0x00001c99   Thumb Code    24  app_fifo.o(i.fifo_get)
    i.fifo_length                            0x00001cb0   Section        0  app_uart_fifo.o(i.fifo_length)
    fifo_length                              0x00001cb1   Thumb Code    10  app_uart_fifo.o(i.fifo_length)
    i.fifo_length                            0x00001cba   Section        0  app_fifo.o(i.fifo_length)
    fifo_length                              0x00001cbb   Thumb Code    10  app_fifo.o(i.fifo_length)
    i.fifo_peek                              0x00001cc4   Section        0  app_fifo.o(i.fifo_peek)
    fifo_peek                                0x00001cc5   Thumb Code    18  app_fifo.o(i.fifo_peek)
    i.fifo_put                               0x00001cd6   Section        0  app_fifo.o(i.fifo_put)
    fifo_put                                 0x00001cd7   Thumb Code    18  app_fifo.o(i.fifo_put)
    i.finish_transfer                        0x00001ce8   Section        0  nrfx_spim.o(i.finish_transfer)
    finish_transfer                          0x00001ce9   Thumb Code    46  nrfx_spim.o(i.finish_transfer)
    i.fputc                                  0x00001d16   Section        0  retarget.o(i.fputc)
    i.gpio_output_voltage_setup_3v3          0x00001d28   Section        0  main.o(i.gpio_output_voltage_setup_3v3)
    gpio_output_voltage_setup_3v3            0x00001d29   Thumb Code   124  main.o(i.gpio_output_voltage_setup_3v3)
    i.in_pin_handler                         0x00001db8   Section        0  w5500.o(i.in_pin_handler)
    i.interrupts_enable                      0x00001e00   Section        0  nrfx_uart.o(i.interrupts_enable)
    interrupts_enable                        0x00001e01   Thumb Code   144  nrfx_uart.o(i.interrupts_enable)
    i.interrupts_enable                      0x00001ea0   Section        0  nrfx_uarte.o(i.interrupts_enable)
    interrupts_enable                        0x00001ea1   Thumb Code   164  nrfx_uarte.o(i.interrupts_enable)
    i.irq_handler                            0x00001f54   Section        0  nrfx_spim.o(i.irq_handler)
    irq_handler                              0x00001f55   Thumb Code    36  nrfx_spim.o(i.irq_handler)
    i.main                                   0x00001f78   Section        0  main.o(i.main)
    i.nrf_bitmask_bit_is_set                 0x00001fa4   Section        0  nrfx_gpiote.o(i.nrf_bitmask_bit_is_set)
    nrf_bitmask_bit_is_set                   0x00001fa5   Thumb Code    22  nrfx_gpiote.o(i.nrf_bitmask_bit_is_set)
    i.nrf_bitmask_bit_set                    0x00001fba   Section        0  nrfx_gpiote.o(i.nrf_bitmask_bit_set)
    nrf_bitmask_bit_set                      0x00001fbb   Thumb Code    22  nrfx_gpiote.o(i.nrf_bitmask_bit_set)
    i.nrf_delay_ms                           0x00001fd0   Section        0  w5500.o(i.nrf_delay_ms)
    nrf_delay_ms                             0x00001fd1   Thumb Code    42  w5500.o(i.nrf_delay_ms)
    i.nrf_delay_ms                           0x00002000   Section        0  esp8266.o(i.nrf_delay_ms)
    nrf_delay_ms                             0x00002001   Thumb Code    42  esp8266.o(i.nrf_delay_ms)
    i.nrf_drv_spi_init                       0x00002030   Section        0  nrf_drv_spi.o(i.nrf_drv_spi_init)
    i.nrf_drv_spi_transfer                   0x000020b8   Section        0  w5500.o(i.nrf_drv_spi_transfer)
    nrf_drv_spi_transfer                     0x000020b9   Thumb Code    50  w5500.o(i.nrf_drv_spi_transfer)
    i.nrf_drv_uart_init                      0x000020ec   Section        0  nrf_drv_uart.o(i.nrf_drv_uart_init)
    i.nrf_drv_uart_rx                        0x00002178   Section        0  app_uart_fifo.o(i.nrf_drv_uart_rx)
    nrf_drv_uart_rx                          0x00002179   Thumb Code    62  app_uart_fifo.o(i.nrf_drv_uart_rx)
    i.nrf_drv_uart_tx                        0x000021bc   Section        0  app_uart_fifo.o(i.nrf_drv_uart_tx)
    nrf_drv_uart_tx                          0x000021bd   Thumb Code    62  app_uart_fifo.o(i.nrf_drv_uart_tx)
    i.nrf_gpio_cfg                           0x00002200   Section        0  boards.o(i.nrf_gpio_cfg)
    nrf_gpio_cfg                             0x00002201   Thumb Code    52  boards.o(i.nrf_gpio_cfg)
    i.nrf_gpio_cfg                           0x00002234   Section        0  nrfx_uart.o(i.nrf_gpio_cfg)
    nrf_gpio_cfg                             0x00002235   Thumb Code    52  nrfx_uart.o(i.nrf_gpio_cfg)
    i.nrf_gpio_cfg                           0x00002268   Section        0  nrfx_uarte.o(i.nrf_gpio_cfg)
    nrf_gpio_cfg                             0x00002269   Thumb Code    52  nrfx_uarte.o(i.nrf_gpio_cfg)
    i.nrf_gpio_cfg                           0x0000229c   Section        0  nrfx_gpiote.o(i.nrf_gpio_cfg)
    nrf_gpio_cfg                             0x0000229d   Thumb Code    52  nrfx_gpiote.o(i.nrf_gpio_cfg)
    i.nrf_gpio_cfg                           0x000022d0   Section        0  nrfx_spim.o(i.nrf_gpio_cfg)
    nrf_gpio_cfg                             0x000022d1   Thumb Code    52  nrfx_spim.o(i.nrf_gpio_cfg)
    i.nrf_gpio_cfg_input                     0x00002304   Section        0  nrfx_uart.o(i.nrf_gpio_cfg_input)
    nrf_gpio_cfg_input                       0x00002305   Thumb Code    26  nrfx_uart.o(i.nrf_gpio_cfg_input)
    i.nrf_gpio_cfg_input                     0x0000231e   Section        0  nrfx_uarte.o(i.nrf_gpio_cfg_input)
    nrf_gpio_cfg_input                       0x0000231f   Thumb Code    26  nrfx_uarte.o(i.nrf_gpio_cfg_input)
    i.nrf_gpio_cfg_output                    0x00002338   Section        0  tm1914.o(i.nrf_gpio_cfg_output)
    nrf_gpio_cfg_output                      0x00002339   Thumb Code    60  tm1914.o(i.nrf_gpio_cfg_output)
    i.nrf_gpio_cfg_output                    0x00002374   Section        0  nrfx_uart.o(i.nrf_gpio_cfg_output)
    nrf_gpio_cfg_output                      0x00002375   Thumb Code    24  nrfx_uart.o(i.nrf_gpio_cfg_output)
    i.nrf_gpio_cfg_output                    0x0000238c   Section        0  nrfx_uarte.o(i.nrf_gpio_cfg_output)
    nrf_gpio_cfg_output                      0x0000238d   Thumb Code    24  nrfx_uarte.o(i.nrf_gpio_cfg_output)
    i.nrf_gpio_cfg_output                    0x000023a4   Section        0  nrfx_spim.o(i.nrf_gpio_cfg_output)
    nrf_gpio_cfg_output                      0x000023a5   Thumb Code    24  nrfx_spim.o(i.nrf_gpio_cfg_output)
    i.nrf_gpio_cfg_sense_set                 0x000023bc   Section        0  nrfx_gpiote.o(i.nrf_gpio_cfg_sense_set)
    nrf_gpio_cfg_sense_set                   0x000023bd   Thumb Code    58  nrfx_gpiote.o(i.nrf_gpio_cfg_sense_set)
    i.nrf_gpio_pin_clear                     0x000023f6   Section        0  w5500.o(i.nrf_gpio_pin_clear)
    nrf_gpio_pin_clear                       0x000023f7   Thumb Code    26  w5500.o(i.nrf_gpio_pin_clear)
    i.nrf_gpio_pin_clear                     0x00002410   Section        0  tm1914.o(i.nrf_gpio_pin_clear)
    nrf_gpio_pin_clear                       0x00002411   Thumb Code    26  tm1914.o(i.nrf_gpio_pin_clear)
    i.nrf_gpio_pin_clear                     0x0000242a   Section        0  nrfx_spim.o(i.nrf_gpio_pin_clear)
    nrf_gpio_pin_clear                       0x0000242b   Thumb Code    26  nrfx_spim.o(i.nrf_gpio_pin_clear)
    i.nrf_gpio_pin_port_decode               0x00002444   Section        0  w5500.o(i.nrf_gpio_pin_port_decode)
    nrf_gpio_pin_port_decode                 0x00002445   Thumb Code    26  w5500.o(i.nrf_gpio_pin_port_decode)
    i.nrf_gpio_pin_port_decode               0x00002464   Section        0  esp8266.o(i.nrf_gpio_pin_port_decode)
    nrf_gpio_pin_port_decode                 0x00002465   Thumb Code    26  esp8266.o(i.nrf_gpio_pin_port_decode)
    i.nrf_gpio_pin_port_decode               0x00002484   Section        0  tm1914.o(i.nrf_gpio_pin_port_decode)
    nrf_gpio_pin_port_decode                 0x00002485   Thumb Code    26  tm1914.o(i.nrf_gpio_pin_port_decode)
    i.nrf_gpio_pin_port_decode               0x000024a4   Section        0  boards.o(i.nrf_gpio_pin_port_decode)
    nrf_gpio_pin_port_decode                 0x000024a5   Thumb Code    26  boards.o(i.nrf_gpio_pin_port_decode)
    i.nrf_gpio_pin_port_decode               0x000024c4   Section        0  nrfx_uart.o(i.nrf_gpio_pin_port_decode)
    nrf_gpio_pin_port_decode                 0x000024c5   Thumb Code    26  nrfx_uart.o(i.nrf_gpio_pin_port_decode)
    i.nrf_gpio_pin_port_decode               0x000024e4   Section        0  nrfx_uarte.o(i.nrf_gpio_pin_port_decode)
    nrf_gpio_pin_port_decode                 0x000024e5   Thumb Code    26  nrfx_uarte.o(i.nrf_gpio_pin_port_decode)
    i.nrf_gpio_pin_port_decode               0x00002504   Section        0  nrfx_gpiote.o(i.nrf_gpio_pin_port_decode)
    nrf_gpio_pin_port_decode                 0x00002505   Thumb Code    26  nrfx_gpiote.o(i.nrf_gpio_pin_port_decode)
    i.nrf_gpio_pin_port_decode               0x00002524   Section        0  nrfx_spim.o(i.nrf_gpio_pin_port_decode)
    nrf_gpio_pin_port_decode                 0x00002525   Thumb Code    26  nrfx_spim.o(i.nrf_gpio_pin_port_decode)
    i.nrf_gpio_pin_read                      0x00002544   Section        0  nrfx_gpiote.o(i.nrf_gpio_pin_read)
    nrf_gpio_pin_read                        0x00002545   Thumb Code    26  nrfx_gpiote.o(i.nrf_gpio_pin_read)
    i.nrf_gpio_pin_set                       0x0000255e   Section        0  w5500.o(i.nrf_gpio_pin_set)
    nrf_gpio_pin_set                         0x0000255f   Thumb Code    26  w5500.o(i.nrf_gpio_pin_set)
    i.nrf_gpio_pin_set                       0x00002578   Section        0  tm1914.o(i.nrf_gpio_pin_set)
    nrf_gpio_pin_set                         0x00002579   Thumb Code    26  tm1914.o(i.nrf_gpio_pin_set)
    i.nrf_gpio_pin_set                       0x00002592   Section        0  nrfx_uart.o(i.nrf_gpio_pin_set)
    nrf_gpio_pin_set                         0x00002593   Thumb Code    26  nrfx_uart.o(i.nrf_gpio_pin_set)
    i.nrf_gpio_pin_set                       0x000025ac   Section        0  nrfx_uarte.o(i.nrf_gpio_pin_set)
    nrf_gpio_pin_set                         0x000025ad   Thumb Code    26  nrfx_uarte.o(i.nrf_gpio_pin_set)
    i.nrf_gpio_pin_set                       0x000025c6   Section        0  nrfx_spim.o(i.nrf_gpio_pin_set)
    nrf_gpio_pin_set                         0x000025c7   Thumb Code    26  nrfx_spim.o(i.nrf_gpio_pin_set)
    i.nrf_gpio_pin_toggle                    0x000025e0   Section        0  main.o(i.nrf_gpio_pin_toggle)
    nrf_gpio_pin_toggle                      0x000025e1   Thumb Code    46  main.o(i.nrf_gpio_pin_toggle)
    i.nrf_gpio_pin_write                     0x00002614   Section        0  boards.o(i.nrf_gpio_pin_write)
    nrf_gpio_pin_write                       0x00002615   Thumb Code    66  boards.o(i.nrf_gpio_pin_write)
    i.nrf_gpio_ports_read                    0x00002658   Section        0  nrfx_gpiote.o(i.nrf_gpio_ports_read)
    nrf_gpio_ports_read                      0x00002659   Thumb Code    38  nrfx_gpiote.o(i.nrf_gpio_ports_read)
    i.nrf_gpiote_event_addr_get              0x00002684   Section        0  nrfx_gpiote.o(i.nrf_gpiote_event_addr_get)
    nrf_gpiote_event_addr_get                0x00002685   Thumb Code     8  nrfx_gpiote.o(i.nrf_gpiote_event_addr_get)
    i.nrf_gpiote_event_clear                 0x00002690   Section        0  nrfx_gpiote.o(i.nrf_gpiote_event_clear)
    nrf_gpiote_event_clear                   0x00002691   Thumb Code    28  nrfx_gpiote.o(i.nrf_gpiote_event_clear)
    i.nrf_gpiote_event_is_set                0x000026ac   Section        0  nrfx_gpiote.o(i.nrf_gpiote_event_is_set)
    nrf_gpiote_event_is_set                  0x000026ad   Thumb Code    22  nrfx_gpiote.o(i.nrf_gpiote_event_is_set)
    i.nrf_gpiote_int_enable                  0x000026c4   Section        0  nrfx_gpiote.o(i.nrf_gpiote_int_enable)
    nrf_gpiote_int_enable                    0x000026c5   Thumb Code     6  nrfx_gpiote.o(i.nrf_gpiote_int_enable)
    i.nrf_spim_event_check                   0x000026d0   Section        0  nrfx_spim.o(i.nrf_spim_event_check)
    nrf_spim_event_check                     0x000026d1   Thumb Code    14  nrfx_spim.o(i.nrf_spim_event_check)
    i.nrf_spim_event_clear                   0x000026de   Section        0  nrfx_spim.o(i.nrf_spim_event_clear)
    nrf_spim_event_clear                     0x000026df   Thumb Code    14  nrfx_spim.o(i.nrf_spim_event_clear)
    i.nrf_spim_int_disable                   0x000026ec   Section        0  nrfx_spim.o(i.nrf_spim_int_disable)
    nrf_spim_int_disable                     0x000026ed   Thumb Code     6  nrfx_spim.o(i.nrf_spim_int_disable)
    i.nrf_spim_int_enable                    0x000026f2   Section        0  nrfx_spim.o(i.nrf_spim_int_enable)
    nrf_spim_int_enable                      0x000026f3   Thumb Code     6  nrfx_spim.o(i.nrf_spim_int_enable)
    i.nrf_spim_task_trigger                  0x000026f8   Section        0  nrfx_spim.o(i.nrf_spim_task_trigger)
    nrf_spim_task_trigger                    0x000026f9   Thumb Code     6  nrfx_spim.o(i.nrf_spim_task_trigger)
    i.nrf_uart_errorsrc_get_and_clear        0x000026fe   Section        0  nrfx_uart.o(i.nrf_uart_errorsrc_get_and_clear)
    nrf_uart_errorsrc_get_and_clear          0x000026ff   Thumb Code    12  nrfx_uart.o(i.nrf_uart_errorsrc_get_and_clear)
    i.nrf_uart_event_check                   0x0000270a   Section        0  nrfx_uart.o(i.nrf_uart_event_check)
    nrf_uart_event_check                     0x0000270b   Thumb Code    14  nrfx_uart.o(i.nrf_uart_event_check)
    i.nrf_uart_event_clear                   0x00002718   Section        0  nrfx_uart.o(i.nrf_uart_event_clear)
    nrf_uart_event_clear                     0x00002719   Thumb Code    14  nrfx_uart.o(i.nrf_uart_event_clear)
    i.nrf_uart_hwfc_pins_set                 0x00002726   Section        0  nrfx_uart.o(i.nrf_uart_hwfc_pins_set)
    nrf_uart_hwfc_pins_set                   0x00002727   Thumb Code    12  nrfx_uart.o(i.nrf_uart_hwfc_pins_set)
    i.nrf_uart_int_disable                   0x00002732   Section        0  nrfx_uart.o(i.nrf_uart_int_disable)
    nrf_uart_int_disable                     0x00002733   Thumb Code     6  nrfx_uart.o(i.nrf_uart_int_disable)
    i.nrf_uart_int_enable                    0x00002738   Section        0  nrfx_uart.o(i.nrf_uart_int_enable)
    nrf_uart_int_enable                      0x00002739   Thumb Code     6  nrfx_uart.o(i.nrf_uart_int_enable)
    i.nrf_uart_int_enable_check              0x0000273e   Section        0  nrfx_uart.o(i.nrf_uart_int_enable_check)
    nrf_uart_int_enable_check                0x0000273f   Thumb Code    18  nrfx_uart.o(i.nrf_uart_int_enable_check)
    i.nrf_uart_task_trigger                  0x00002750   Section        0  nrfx_uart.o(i.nrf_uart_task_trigger)
    nrf_uart_task_trigger                    0x00002751   Thumb Code     6  nrfx_uart.o(i.nrf_uart_task_trigger)
    i.nrf_uart_txrx_pins_set                 0x00002756   Section        0  nrfx_uart.o(i.nrf_uart_txrx_pins_set)
    nrf_uart_txrx_pins_set                   0x00002757   Thumb Code    14  nrfx_uart.o(i.nrf_uart_txrx_pins_set)
    i.nrf_uarte_errorsrc_get_and_clear       0x00002764   Section        0  nrfx_uarte.o(i.nrf_uarte_errorsrc_get_and_clear)
    nrf_uarte_errorsrc_get_and_clear         0x00002765   Thumb Code    12  nrfx_uarte.o(i.nrf_uarte_errorsrc_get_and_clear)
    i.nrf_uarte_event_check                  0x00002770   Section        0  nrfx_uarte.o(i.nrf_uarte_event_check)
    nrf_uarte_event_check                    0x00002771   Thumb Code    14  nrfx_uarte.o(i.nrf_uarte_event_check)
    i.nrf_uarte_event_clear                  0x0000277e   Section        0  nrfx_uarte.o(i.nrf_uarte_event_clear)
    nrf_uarte_event_clear                    0x0000277f   Thumb Code    14  nrfx_uarte.o(i.nrf_uarte_event_clear)
    i.nrf_uarte_hwfc_pins_set                0x0000278c   Section        0  nrfx_uarte.o(i.nrf_uarte_hwfc_pins_set)
    nrf_uarte_hwfc_pins_set                  0x0000278d   Thumb Code    12  nrfx_uarte.o(i.nrf_uarte_hwfc_pins_set)
    i.nrf_uarte_int_disable                  0x00002798   Section        0  nrfx_uarte.o(i.nrf_uarte_int_disable)
    nrf_uarte_int_disable                    0x00002799   Thumb Code     6  nrfx_uarte.o(i.nrf_uarte_int_disable)
    i.nrf_uarte_int_enable                   0x0000279e   Section        0  nrfx_uarte.o(i.nrf_uarte_int_enable)
    nrf_uarte_int_enable                     0x0000279f   Thumb Code     6  nrfx_uarte.o(i.nrf_uarte_int_enable)
    i.nrf_uarte_rx_amount_get                0x000027a4   Section        0  nrfx_uarte.o(i.nrf_uarte_rx_amount_get)
    nrf_uarte_rx_amount_get                  0x000027a5   Thumb Code    10  nrfx_uarte.o(i.nrf_uarte_rx_amount_get)
    i.nrf_uarte_task_trigger                 0x000027ae   Section        0  nrfx_uarte.o(i.nrf_uarte_task_trigger)
    nrf_uarte_task_trigger                   0x000027af   Thumb Code     6  nrfx_uarte.o(i.nrf_uarte_task_trigger)
    i.nrf_uarte_txrx_pins_set                0x000027b4   Section        0  nrfx_uarte.o(i.nrf_uarte_txrx_pins_set)
    nrf_uarte_txrx_pins_set                  0x000027b5   Thumb Code    14  nrfx_uarte.o(i.nrf_uarte_txrx_pins_set)
    i.nrfx_get_irq_number                    0x000027c2   Section        0  nrfx_uart.o(i.nrfx_get_irq_number)
    nrfx_get_irq_number                      0x000027c3   Thumb Code     8  nrfx_uart.o(i.nrfx_get_irq_number)
    i.nrfx_get_irq_number                    0x000027ca   Section        0  nrfx_uarte.o(i.nrfx_get_irq_number)
    nrfx_get_irq_number                      0x000027cb   Thumb Code     8  nrfx_uarte.o(i.nrfx_get_irq_number)
    i.nrfx_get_irq_number                    0x000027d2   Section        0  nrfx_spim.o(i.nrfx_get_irq_number)
    nrfx_get_irq_number                      0x000027d3   Thumb Code     8  nrfx_spim.o(i.nrfx_get_irq_number)
    i.nrfx_gpiote_in_event_enable            0x000027dc   Section        0  nrfx_gpiote.o(i.nrfx_gpiote_in_event_enable)
    i.nrfx_gpiote_in_init                    0x00002888   Section        0  nrfx_gpiote.o(i.nrfx_gpiote_in_init)
    i.nrfx_gpiote_init                       0x00002980   Section        0  nrfx_gpiote.o(i.nrfx_gpiote_init)
    i.nrfx_is_in_ram                         0x00002a44   Section        0  nrfx_uarte.o(i.nrfx_is_in_ram)
    nrfx_is_in_ram                           0x00002a45   Thumb Code    20  nrfx_uarte.o(i.nrfx_is_in_ram)
    i.nrfx_is_in_ram                         0x00002a58   Section        0  nrfx_spim.o(i.nrfx_is_in_ram)
    nrfx_is_in_ram                           0x00002a59   Thumb Code    20  nrfx_spim.o(i.nrfx_is_in_ram)
    i.nrfx_prs_acquire                       0x00002a6c   Section        0  nrfx_prs.o(i.nrfx_prs_acquire)
    i.nrfx_spim_init                         0x00002ab4   Section        0  nrfx_spim.o(i.nrfx_spim_init)
    i.nrfx_spim_xfer                         0x00002ca4   Section        0  nrfx_spim.o(i.nrfx_spim_xfer)
    i.nrfx_uart_0_irq_handler                0x00002d10   Section        0  nrfx_uart.o(i.nrfx_uart_0_irq_handler)
    i.nrfx_uart_init                         0x00002d24   Section        0  nrfx_uart.o(i.nrfx_uart_init)
    i.nrfx_uart_rx                           0x00002dac   Section        0  nrfx_uart.o(i.nrfx_uart_rx)
    i.nrfx_uart_tx                           0x00002ed0   Section        0  nrfx_uart.o(i.nrfx_uart_tx)
    i.nrfx_uart_tx_in_progress               0x00002f5c   Section        0  nrfx_uart.o(i.nrfx_uart_tx_in_progress)
    i.nrfx_uarte_0_irq_handler               0x00002f80   Section        0  nrfx_uarte.o(i.nrfx_uarte_0_irq_handler)
    i.nrfx_uarte_init                        0x00002f94   Section        0  nrfx_uarte.o(i.nrfx_uarte_init)
    i.nrfx_uarte_rx                          0x00003014   Section        0  nrfx_uarte.o(i.nrfx_uarte_rx)
    i.nrfx_uarte_tx                          0x0000314c   Section        0  nrfx_uarte.o(i.nrfx_uarte_tx)
    i.nrfx_uarte_tx_in_progress              0x000031f4   Section        0  nrfx_uarte.o(i.nrfx_uarte_tx_in_progress)
    i.pin_configured_set                     0x00003214   Section        0  nrfx_gpiote.o(i.pin_configured_set)
    pin_configured_set                       0x00003215   Thumb Code    14  nrfx_gpiote.o(i.pin_configured_set)
    i.pin_in_use_by_gpiote                   0x00003228   Section        0  nrfx_gpiote.o(i.pin_in_use_by_gpiote)
    pin_in_use_by_gpiote                     0x00003229   Thumb Code    22  nrfx_gpiote.o(i.pin_in_use_by_gpiote)
    i.pin_in_use_by_port                     0x00003244   Section        0  nrfx_gpiote.o(i.pin_in_use_by_port)
    pin_in_use_by_port                       0x00003245   Thumb Code    18  nrfx_gpiote.o(i.pin_in_use_by_port)
    i.pin_in_use_by_te                       0x0000325c   Section        0  nrfx_gpiote.o(i.pin_in_use_by_te)
    pin_in_use_by_te                         0x0000325d   Thumb Code    26  nrfx_gpiote.o(i.pin_in_use_by_te)
    i.pin_in_use_clear                       0x0000327c   Section        0  nrfx_gpiote.o(i.pin_in_use_clear)
    pin_in_use_clear                         0x0000327d   Thumb Code     8  nrfx_gpiote.o(i.pin_in_use_clear)
    i.prs_box_get                            0x00003288   Section        0  nrfx_prs.o(i.prs_box_get)
    prs_box_get                              0x00003289   Thumb Code    16  nrfx_prs.o(i.prs_box_get)
    i.rx_byte                                0x000032a0   Section        0  nrfx_uart.o(i.rx_byte)
    rx_byte                                  0x000032a1   Thumb Code    62  nrfx_uart.o(i.rx_byte)
    i.rx_done_event                          0x000032de   Section        0  nrfx_uart.o(i.rx_done_event)
    rx_done_event                            0x000032df   Thumb Code    28  nrfx_uart.o(i.rx_done_event)
    i.rx_done_event                          0x000032fa   Section        0  nrfx_uarte.o(i.rx_done_event)
    rx_done_event                            0x000032fb   Thumb Code    32  nrfx_uarte.o(i.rx_done_event)
    i.rx_enable                              0x0000331a   Section        0  nrfx_uart.o(i.rx_enable)
    rx_enable                                0x0000331b   Thumb Code    34  nrfx_uart.o(i.rx_enable)
    i.spi_w5500_event_handler                0x0000333c   Section        0  w5500.o(i.spi_w5500_event_handler)
    i.spim_evt_handler                       0x00003348   Section        0  nrf_drv_spi.o(i.spim_evt_handler)
    spim_evt_handler                         0x00003349   Thumb Code    56  nrf_drv_spi.o(i.spim_evt_handler)
    i.spim_xfer                              0x00003388   Section        0  nrfx_spim.o(i.spim_xfer)
    spim_xfer                                0x00003389   Thumb Code   270  nrfx_spim.o(i.spim_xfer)
    i.test                                   0x00003498   Section        0  main.o(i.test)
    i.tx_blocking                            0x00003540   Section        0  nrfx_uart.o(i.tx_blocking)
    tx_blocking                              0x00003541   Thumb Code    54  nrfx_uart.o(i.tx_blocking)
    i.tx_byte                                0x00003576   Section        0  nrfx_uart.o(i.tx_byte)
    tx_byte                                  0x00003577   Thumb Code    38  nrfx_uart.o(i.tx_byte)
    i.tx_done_event                          0x0000359c   Section        0  nrfx_uart.o(i.tx_done_event)
    tx_done_event                            0x0000359d   Thumb Code    32  nrfx_uart.o(i.tx_done_event)
    i.tx_done_event                          0x000035bc   Section        0  nrfx_uarte.o(i.tx_done_event)
    tx_done_event                            0x000035bd   Thumb Code    36  nrfx_uarte.o(i.tx_done_event)
    i.uart_error_handle                      0x000035e0   Section        0  esp8266.o(i.uart_error_handle)
    i.uart_event_handler                     0x00003640   Section        0  app_uart_fifo.o(i.uart_event_handler)
    uart_event_handler                       0x00003641   Thumb Code   184  app_uart_fifo.o(i.uart_event_handler)
    i.uart_evt_handler                       0x00003714   Section        0  nrf_drv_uart.o(i.uart_evt_handler)
    uart_evt_handler                         0x00003715   Thumb Code    46  nrf_drv_uart.o(i.uart_evt_handler)
    i.uart_irq_handler                       0x0000374c   Section        0  nrfx_uart.o(i.uart_irq_handler)
    uart_irq_handler                         0x0000374d   Thumb Code   332  nrfx_uart.o(i.uart_irq_handler)
    i.uarte_evt_handler                      0x00003898   Section        0  nrf_drv_uart.o(i.uarte_evt_handler)
    uarte_evt_handler                        0x00003899   Thumb Code    46  nrf_drv_uart.o(i.uarte_evt_handler)
    i.uarte_irq_handler                      0x000038d0   Section        0  nrfx_uarte.o(i.uarte_irq_handler)
    uarte_irq_handler                        0x000038d1   Thumb Code   268  nrfx_uarte.o(i.uarte_irq_handler)
    .constdata                               0x000039e0   Section       43  w5500.o(.constdata)
    spi                                      0x000039e0   Data          16  w5500.o(.constdata)
    delay_bytecode                           0x000039f0   Data           6  w5500.o(.constdata)
    .constdata                               0x00003a10   Section       32  esp8266.o(.constdata)
    delay_bytecode                           0x00003a10   Data           6  esp8266.o(.constdata)
    .constdata                               0x00003a30   Section        8  boards.o(.constdata)
    m_board_led_list                         0x00003a30   Data           4  boards.o(.constdata)
    m_board_btn_list                         0x00003a34   Data           4  boards.o(.constdata)
    .constdata                               0x00003a38   Section       32  app_uart_fifo.o(.constdata)
    .constdata                               0x00003a58   Section       16  nrf_drv_spi.o(.constdata)
    .constdata                               0x00003a68   Section       46  nrfx_uart.o(.constdata)
    __func__                                 0x00003a68   Data          15  nrfx_uart.o(.constdata)
    irq_handlers                             0x00003a78   Data           4  nrfx_uart.o(.constdata)
    __func__                                 0x00003a7c   Data          13  nrfx_uart.o(.constdata)
    __func__                                 0x00003a89   Data          13  nrfx_uart.o(.constdata)
    .constdata                               0x00003a98   Section       48  nrfx_uarte.o(.constdata)
    __func__                                 0x00003a98   Data          16  nrfx_uarte.o(.constdata)
    irq_handlers                             0x00003aa8   Data           4  nrfx_uarte.o(.constdata)
    __func__                                 0x00003aac   Data          14  nrfx_uarte.o(.constdata)
    __func__                                 0x00003aba   Data          14  nrfx_uarte.o(.constdata)
    .constdata                               0x00003ac8   Section       66  nrfx_gpiote.o(.constdata)
    __func__                                 0x00003ad0   Data          17  nrfx_gpiote.o(.constdata)
    __func__                                 0x00003ae1   Data          21  nrfx_gpiote.o(.constdata)
    __func__                                 0x00003af6   Data          20  nrfx_gpiote.o(.constdata)
    .constdata                               0x00003b0c   Section       45  nrfx_spim.o(.constdata)
    __func__                                 0x00003b0c   Data          15  nrfx_spim.o(.constdata)
    irq_handlers                             0x00003b1c   Data           4  nrfx_spim.o(.constdata)
    __func__                                 0x00003b20   Data          10  nrfx_spim.o(.constdata)
    __func__                                 0x00003b2a   Data          15  nrfx_spim.o(.constdata)
    .data                                    0x20000000   Section       49  w5500.o(.data)
    spi_xfer_done                            0x20000000   Data           1  w5500.o(.data)
    spi_tx_buf                               0x20000001   Data           6  w5500.o(.data)
    spi_rx_buf                               0x20000007   Data           6  w5500.o(.data)
    .data                                    0x20000031   Section        1  esp8266.o(.data)
    .data                                    0x20000034   Section        4  app_util_platform.o(.data)
    m_in_critical_region                     0x20000034   Data           4  app_util_platform.o(.data)
    .data                                    0x20000038   Section       27  app_uart_fifo.o(.data)
    app_uart_inst                            0x20000038   Data          20  app_uart_fifo.o(.data)
    m_event_handler                          0x2000004c   Data           4  app_uart_fifo.o(.data)
    tx_buffer                                0x20000050   Data           1  app_uart_fifo.o(.data)
    rx_buffer                                0x20000051   Data           1  app_uart_fifo.o(.data)
    m_rx_ovf                                 0x20000052   Data           1  app_uart_fifo.o(.data)
    .data                                    0x20000054   Section        8  retarget.o(.data)
    .data                                    0x2000005c   Section       18  nrf_drv_uart.o(.data)
    m_handlers                               0x2000005c   Data           8  nrf_drv_uart.o(.data)
    m_contexts                               0x20000064   Data           8  nrf_drv_uart.o(.data)
    .data                                    0x20000070   Section        8  nrfx_prs.o(.data)
    m_prs_box_4                              0x20000070   Data           8  nrfx_prs.o(.data)
    .data                                    0x20000078   Section        4  system_nrf52840.o(.data)
    __tagsym$$used                           0x20000078   Number         0  system_nrf52840.o(.data)
    .bss                                     0x2000007c   Section     4096  w5500.o(.bss)
    .bss                                     0x2000107c   Section      562  esp8266.o(.bss)
    rx_buf                                   0x200010ae   Data         256  esp8266.o(.bss)
    tx_buf                                   0x200011ae   Data         256  esp8266.o(.bss)
    .bss                                     0x200012ae   Section       15  tm1914.o(.bss)
    .bss                                     0x200012c0   Section       32  app_uart_fifo.o(.bss)
    m_rx_fifo                                0x200012c0   Data          16  app_uart_fifo.o(.bss)
    m_tx_fifo                                0x200012d0   Data          16  app_uart_fifo.o(.bss)
    .bss                                     0x200012e0   Section       32  nrf_drv_spi.o(.bss)
    m_handlers                               0x200012e0   Data          16  nrf_drv_spi.o(.bss)
    m_contexts                               0x200012f0   Data          16  nrf_drv_spi.o(.bss)
    .bss                                     0x20001300   Section       44  nrfx_uart.o(.bss)
    m_cb                                     0x20001300   Data          44  nrfx_uart.o(.bss)
    .bss                                     0x2000132c   Section       36  nrfx_uarte.o(.bss)
    m_cb                                     0x2000132c   Data          36  nrfx_uarte.o(.bss)
    .bss                                     0x20001350   Section       92  nrfx_gpiote.o(.bss)
    m_cb                                     0x20001350   Data          92  nrfx_gpiote.o(.bss)
    .bss                                     0x200013ac   Section       36  nrfx_spim.o(.bss)
    m_cb                                     0x200013ac   Data          36  nrfx_spim.o(.bss)
    STACK                                    0x200013d0   Section     8192  arm_startup_nrf52840.o(STACK)

    Global Symbols

    Symbol Name                              Value     Ov Type        Size  Object(Section)

    BuildAttributes$$THM_ISAv4$E$P$D$K$B$S$7EM$VFPi3$EXTD16$VFPS$VFMA$PE$A:L22UL41UL21$X:L11$S22US41US21$IEEE1$IW$USESV6$~STKCKD$USESV7$~SHL$OSPACE$ROPI$EBA8$MICROLIB$REQ8$PRES8$EABIv2 0x00000000   Number         0  anon$$obj.o ABSOLUTE
    __ARM_use_no_argv                        0x00000000   Number         0  main.o ABSOLUTE
    __Vectors                                0x00000000   Data           4  arm_startup_nrf52840.o(RESET)
    __cpp_initialize__aeabi_                  - Undefined Weak Reference
    __cxa_finalize                            - Undefined Weak Reference
    __decompress                              - Undefined Weak Reference
    _clock_init                               - Undefined Weak Reference
    _microlib_exit                            - Undefined Weak Reference
    __Vectors_End                            0x00000200   Data           0  arm_startup_nrf52840.o(RESET)
    __Vectors_Size                           0x00000200   Number         0  arm_startup_nrf52840.o ABSOLUTE
    __main                                   0x00000201   Thumb Code     0  entry.o(.ARM.Collect$$$$00000000)
    _main_stk                                0x00000201   Thumb Code     0  entry2.o(.ARM.Collect$$$$00000001)
    _main_scatterload                        0x00000205   Thumb Code     0  entry5.o(.ARM.Collect$$$$00000004)
    __main_after_scatterload                 0x00000209   Thumb Code     0  entry5.o(.ARM.Collect$$$$00000004)
    _main_clock                              0x00000209   Thumb Code     0  entry7b.o(.ARM.Collect$$$$00000008)
    _main_cpp_init                           0x00000209   Thumb Code     0  entry8b.o(.ARM.Collect$$$$0000000A)
    _main_init                               0x00000209   Thumb Code     0  entry9a.o(.ARM.Collect$$$$0000000B)
    __rt_final_cpp                           0x00000211   Thumb Code     0  entry10a.o(.ARM.Collect$$$$0000000D)
    __rt_final_exit                          0x00000211   Thumb Code     0  entry11a.o(.ARM.Collect$$$$0000000F)
    Reset_Handler                            0x00000215   Thumb Code     8  arm_startup_nrf52840.o(.text)
    NMI_Handler                              0x0000021d   Thumb Code     2  arm_startup_nrf52840.o(.text)
    HardFault_Handler                        0x0000021f   Thumb Code     2  arm_startup_nrf52840.o(.text)
    MemoryManagement_Handler                 0x00000221   Thumb Code     2  arm_startup_nrf52840.o(.text)
    BusFault_Handler                         0x00000223   Thumb Code     2  arm_startup_nrf52840.o(.text)
    UsageFault_Handler                       0x00000225   Thumb Code     2  arm_startup_nrf52840.o(.text)
    SVC_Handler                              0x00000227   Thumb Code     2  arm_startup_nrf52840.o(.text)
    DebugMon_Handler                         0x00000229   Thumb Code     2  arm_startup_nrf52840.o(.text)
    PendSV_Handler                           0x0000022b   Thumb Code     2  arm_startup_nrf52840.o(.text)
    SysTick_Handler                          0x0000022d   Thumb Code     2  arm_startup_nrf52840.o(.text)
    CCM_AAR_IRQHandler                       0x0000022f   Thumb Code     0  arm_startup_nrf52840.o(.text)
    COMP_LPCOMP_IRQHandler                   0x0000022f   Thumb Code     0  arm_startup_nrf52840.o(.text)
    CRYPTOCELL_IRQHandler                    0x0000022f   Thumb Code     0  arm_startup_nrf52840.o(.text)
    ECB_IRQHandler                           0x0000022f   Thumb Code     0  arm_startup_nrf52840.o(.text)
    FPU_IRQHandler                           0x0000022f   Thumb Code     0  arm_startup_nrf52840.o(.text)
    I2S_IRQHandler                           0x0000022f   Thumb Code     0  arm_startup_nrf52840.o(.text)
    MWU_IRQHandler                           0x0000022f   Thumb Code     0  arm_startup_nrf52840.o(.text)
    NFCT_IRQHandler                          0x0000022f   Thumb Code     0  arm_startup_nrf52840.o(.text)
    PDM_IRQHandler                           0x0000022f   Thumb Code     0  arm_startup_nrf52840.o(.text)
    POWER_CLOCK_IRQHandler                   0x0000022f   Thumb Code     0  arm_startup_nrf52840.o(.text)
    PWM0_IRQHandler                          0x0000022f   Thumb Code     0  arm_startup_nrf52840.o(.text)
    PWM1_IRQHandler                          0x0000022f   Thumb Code     0  arm_startup_nrf52840.o(.text)
    PWM2_IRQHandler                          0x0000022f   Thumb Code     0  arm_startup_nrf52840.o(.text)
    PWM3_IRQHandler                          0x0000022f   Thumb Code     0  arm_startup_nrf52840.o(.text)
    QDEC_IRQHandler                          0x0000022f   Thumb Code     0  arm_startup_nrf52840.o(.text)
    QSPI_IRQHandler                          0x0000022f   Thumb Code     0  arm_startup_nrf52840.o(.text)
    RADIO_IRQHandler                         0x0000022f   Thumb Code     0  arm_startup_nrf52840.o(.text)
    RNG_IRQHandler                           0x0000022f   Thumb Code     0  arm_startup_nrf52840.o(.text)
    RTC0_IRQHandler                          0x0000022f   Thumb Code     0  arm_startup_nrf52840.o(.text)
    RTC1_IRQHandler                          0x0000022f   Thumb Code     0  arm_startup_nrf52840.o(.text)
    RTC2_IRQHandler                          0x0000022f   Thumb Code     0  arm_startup_nrf52840.o(.text)
    SAADC_IRQHandler                         0x0000022f   Thumb Code     0  arm_startup_nrf52840.o(.text)
    SPIM1_SPIS1_TWIM1_TWIS1_SPI1_TWI1_IRQHandler 0x0000022f   Thumb Code     0  arm_startup_nrf52840.o(.text)
    SPIM2_SPIS2_SPI2_IRQHandler              0x0000022f   Thumb Code     0  arm_startup_nrf52840.o(.text)
    SPIM3_IRQHandler                         0x0000022f   Thumb Code     0  arm_startup_nrf52840.o(.text)
    SWI0_EGU0_IRQHandler                     0x0000022f   Thumb Code     0  arm_startup_nrf52840.o(.text)
    SWI1_EGU1_IRQHandler                     0x0000022f   Thumb Code     0  arm_startup_nrf52840.o(.text)
    SWI2_EGU2_IRQHandler                     0x0000022f   Thumb Code     0  arm_startup_nrf52840.o(.text)
    SWI3_EGU3_IRQHandler                     0x0000022f   Thumb Code     0  arm_startup_nrf52840.o(.text)
    SWI4_EGU4_IRQHandler                     0x0000022f   Thumb Code     0  arm_startup_nrf52840.o(.text)
    SWI5_EGU5_IRQHandler                     0x0000022f   Thumb Code     0  arm_startup_nrf52840.o(.text)
    TEMP_IRQHandler                          0x0000022f   Thumb Code     0  arm_startup_nrf52840.o(.text)
    TIMER0_IRQHandler                        0x0000022f   Thumb Code     0  arm_startup_nrf52840.o(.text)
    TIMER1_IRQHandler                        0x0000022f   Thumb Code     0  arm_startup_nrf52840.o(.text)
    TIMER2_IRQHandler                        0x0000022f   Thumb Code     0  arm_startup_nrf52840.o(.text)
    TIMER3_IRQHandler                        0x0000022f   Thumb Code     0  arm_startup_nrf52840.o(.text)
    TIMER4_IRQHandler                        0x0000022f   Thumb Code     0  arm_startup_nrf52840.o(.text)
    UARTE1_IRQHandler                        0x0000022f   Thumb Code     0  arm_startup_nrf52840.o(.text)
    USBD_IRQHandler                          0x0000022f   Thumb Code     0  arm_startup_nrf52840.o(.text)
    WDT_IRQHandler                           0x0000022f   Thumb Code     0  arm_startup_nrf52840.o(.text)
    __aeabi_memcpy                           0x00000239   Thumb Code    36  memcpya.o(.text)
    __aeabi_memcpy4                          0x00000239   Thumb Code     0  memcpya.o(.text)
    __aeabi_memcpy8                          0x00000239   Thumb Code     0  memcpya.o(.text)
    strstr                                   0x0000025d   Thumb Code    36  strstr.o(.text)
    __scatterload                            0x00000281   Thumb Code    28  init.o(.text)
    __scatterload_rt2                        0x00000281   Thumb Code     0  init.o(.text)
    CLR_Buf                                  0x000002a5   Thumb Code    26  esp8266.o(i.CLR_Buf)
    Detect_Gateway                           0x000002c9   Thumb Code   194  w5500.o(i.Detect_Gateway)
    GPIOTE_IRQHandler                        0x00000391   Thumb Code   544  nrfx_gpiote.o(i.GPIOTE_IRQHandler)
    Hand                                     0x000005bd   Thumb Code    22  esp8266.o(i.Hand)
    Load_Net_Parameters                      0x000005d9   Thumb Code   120  w5500.o(i.Load_Net_Parameters)
    Read_SOCK_Data_Buffer                    0x00000671   Thumb Code   562  w5500.o(i.Read_SOCK_Data_Buffer)
    Read_W5500_1Byte                         0x000008b5   Thumb Code    96  w5500.o(i.Read_W5500_1Byte)
    Read_W5500_SOCK_1Byte                    0x00000925   Thumb Code   108  w5500.o(i.Read_W5500_SOCK_1Byte)
    Read_W5500_SOCK_2Byte                    0x000009a1   Thumb Code   120  w5500.o(i.Read_W5500_SOCK_2Byte)
    SPI1_Send_Byte                           0x00000a29   Thumb Code    58  w5500.o(i.SPI1_Send_Byte)
    SPI1_Send_Short                          0x00000a75   Thumb Code    28  w5500.o(i.SPI1_Send_Short)
    SPIM0_SPIS0_TWIM0_TWIS0_SPI0_TWI0_IRQHandler 0x00000a91   Thumb Code    12  nrfx_spim.o(i.SPIM0_SPIS0_TWIM0_TWIS0_SPI0_TWI0_IRQHandler)
    SPI_W5500_Init                           0x00000aa5   Thumb Code   234  w5500.o(i.SPI_W5500_Init)
    Socket_Connect                           0x00000ba1   Thumb Code    70  w5500.o(i.Socket_Connect)
    Socket_Init                              0x00000be9   Thumb Code   104  w5500.o(i.Socket_Init)
    Socket_Listen                            0x00000c5d   Thumb Code   102  w5500.o(i.Socket_Listen)
    Socket_UDP                               0x00000cc3   Thumb Code    60  w5500.o(i.Socket_UDP)
    SystemCoreClockUpdate                    0x00000d01   Thumb Code     8  system_nrf52840.o(i.SystemCoreClockUpdate)
    SystemInit                               0x00000d11   Thumb Code   494  system_nrf52840.o(i.SystemInit)
    TM1914_Init                              0x00000f41   Thumb Code    16  tm1914.o(i.TM1914_Init)
    TM1914_SendByte                          0x00000f51   Thumb Code   318  tm1914.o(i.TM1914_SendByte)
    TM1914_SendFrame                         0x00001091   Thumb Code    60  tm1914.o(i.TM1914_SendFrame)
    TM1914_SetData                           0x000010d1   Thumb Code    28  tm1914.o(i.TM1914_SetData)
    UARTE0_UART0_IRQHandler                  0x000010f1   Thumb Code    10  nrfx_prs.o(i.UARTE0_UART0_IRQHandler)
    W5500_Hardware_Reset                     0x00001101   Thumb Code    44  w5500.o(i.W5500_Hardware_Reset)
    W5500_Init                               0x0000112d   Thumb Code   136  w5500.o(i.W5500_Init)
    W5500_Initialization                     0x000011c5   Thumb Code    18  w5500.o(i.W5500_Initialization)
    W5500_Interrupt_Process                  0x000011d9   Thumb Code   180  w5500.o(i.W5500_Interrupt_Process)
    W5500_Socket_Set                         0x00001299   Thumb Code   100  w5500.o(i.W5500_Socket_Set)
    Write_W5500_1Byte                        0x00001305   Thumb Code    38  w5500.o(i.Write_W5500_1Byte)
    Write_W5500_2Byte                        0x0000132b   Thumb Code    38  w5500.o(i.Write_W5500_2Byte)
    Write_W5500_SOCK_1Byte                   0x00001351   Thumb Code    50  w5500.o(i.Write_W5500_SOCK_1Byte)
    Write_W5500_SOCK_2Byte                   0x00001383   Thumb Code    50  w5500.o(i.Write_W5500_SOCK_2Byte)
    Write_W5500_SOCK_4Byte                   0x000013b5   Thumb Code    76  w5500.o(i.Write_W5500_SOCK_4Byte)
    Write_W5500_nByte                        0x00001401   Thumb Code    58  w5500.o(i.Write_W5500_nByte)
    __0printf$bare                           0x0000143d   Thumb Code     8  printfb.o(i.__0printf$bare)
    __1printf$bare                           0x0000143d   Thumb Code     0  printfb.o(i.__0printf$bare)
    __2printf                                0x0000143d   Thumb Code     0  printfb.o(i.__0printf$bare)
    __scatterload_copy                       0x0000144d   Thumb Code    14  handlers.o(i.__scatterload_copy)
    __scatterload_null                       0x0000145b   Thumb Code     2  handlers.o(i.__scatterload_null)
    __scatterload_zeroinit                   0x0000145d   Thumb Code    14  handlers.o(i.__scatterload_zeroinit)
    app_error_fault_handler                  0x0000148d   Thumb Code    82  app_error_weak.o(i.app_error_fault_handler)
    app_error_handler_bare                   0x000014e9   Thumb Code    28  app_error.o(i.app_error_handler_bare)
    app_fifo_get                             0x00001505   Thumb Code    30  app_fifo.o(i.app_fifo_get)
    app_fifo_init                            0x00001523   Thumb Code    36  app_fifo.o(i.app_fifo_init)
    app_fifo_put                             0x00001547   Thumb Code    34  app_fifo.o(i.app_fifo_put)
    app_uart_get                             0x00001569   Thumb Code    66  app_uart_fifo.o(i.app_uart_get)
    app_uart_init                            0x000015bd   Thumb Code   188  app_uart_fifo.o(i.app_uart_init)
    app_uart_put                             0x00001699   Thumb Code    90  app_uart_fifo.o(i.app_uart_put)
    app_util_critical_region_enter           0x00001705   Thumb Code    10  app_util_platform.o(i.app_util_critical_region_enter)
    app_util_critical_region_exit            0x0000170f   Thumb Code    10  app_util_platform.o(i.app_util_critical_region_exit)
    app_util_disable_irq                     0x00001719   Thumb Code    14  app_util_platform.o(i.app_util_disable_irq)
    app_util_enable_irq                      0x0000172d   Thumb Code    20  app_util_platform.o(i.app_util_enable_irq)
    bsp_board_init                           0x00001869   Thumb Code    26  boards.o(i.bsp_board_init)
    bsp_board_led_off                        0x00001885   Thumb Code    16  boards.o(i.bsp_board_led_off)
    bsp_board_leds_off                       0x000018c9   Thumb Code    20  boards.o(i.bsp_board_leds_off)
    esp8266_asmod                            0x00001ab1   Thumb Code   134  esp8266.o(i.esp8266_asmod)
    esp8266_init                             0x00001b8d   Thumb Code   176  esp8266.o(i.esp8266_init)
    esp8266_test                             0x00001c4d   Thumb Code    62  esp8266.o(i.esp8266_test)
    fputc                                    0x00001d17   Thumb Code    16  retarget.o(i.fputc)
    in_pin_handler                           0x00001db9   Thumb Code    66  w5500.o(i.in_pin_handler)
    main                                     0x00001f79   Thumb Code    44  main.o(i.main)
    nrf_drv_spi_init                         0x00002031   Thumb Code   120  nrf_drv_spi.o(i.nrf_drv_spi_init)
    nrf_drv_uart_init                        0x000020ed   Thumb Code   118  nrf_drv_uart.o(i.nrf_drv_uart_init)
    nrfx_gpiote_in_event_enable              0x000027dd   Thumb Code   164  nrfx_gpiote.o(i.nrfx_gpiote_in_event_enable)
    nrfx_gpiote_in_init                      0x00002889   Thumb Code   236  nrfx_gpiote.o(i.nrfx_gpiote_in_init)
    nrfx_gpiote_init                         0x00002981   Thumb Code   180  nrfx_gpiote.o(i.nrfx_gpiote_init)
    nrfx_prs_acquire                         0x00002a6d   Thumb Code    72  nrfx_prs.o(i.nrfx_prs_acquire)
    nrfx_spim_init                           0x00002ab5   Thumb Code   474  nrfx_spim.o(i.nrfx_spim_init)
    nrfx_spim_xfer                           0x00002ca5   Thumb Code   104  nrfx_spim.o(i.nrfx_spim_xfer)
    nrfx_uart_0_irq_handler                  0x00002d11   Thumb Code    12  nrfx_uart.o(i.nrfx_uart_0_irq_handler)
    nrfx_uart_init                           0x00002d25   Thumb Code   128  nrfx_uart.o(i.nrfx_uart_init)
    nrfx_uart_rx                             0x00002dad   Thumb Code   286  nrfx_uart.o(i.nrfx_uart_rx)
    nrfx_uart_tx                             0x00002ed1   Thumb Code   134  nrfx_uart.o(i.nrfx_uart_tx)
    nrfx_uart_tx_in_progress                 0x00002f5d   Thumb Code    30  nrfx_uart.o(i.nrfx_uart_tx_in_progress)
    nrfx_uarte_0_irq_handler                 0x00002f81   Thumb Code    12  nrfx_uarte.o(i.nrfx_uarte_0_irq_handler)
    nrfx_uarte_init                          0x00002f95   Thumb Code   120  nrfx_uarte.o(i.nrfx_uarte_init)
    nrfx_uarte_rx                            0x00003015   Thumb Code   306  nrfx_uarte.o(i.nrfx_uarte_rx)
    nrfx_uarte_tx                            0x0000314d   Thumb Code   162  nrfx_uarte.o(i.nrfx_uarte_tx)
    nrfx_uarte_tx_in_progress                0x000031f5   Thumb Code    26  nrfx_uarte.o(i.nrfx_uarte_tx_in_progress)
    spi_w5500_event_handler                  0x0000333d   Thumb Code     8  w5500.o(i.spi_w5500_event_handler)
    test                                     0x00003499   Thumb Code   146  main.o(i.test)
    uart_error_handle                        0x000035e1   Thumb Code    86  esp8266.o(i.uart_error_handle)
    Region$$Table$$Base                      0x00003b3c   Number         0  anon$$obj.o(Region$$Table)
    Region$$Table$$Limit                     0x00003b5c   Number         0  anon$$obj.o(Region$$Table)
    Gateway_IP                               0x2000000d   Data           4  w5500.o(.data)
    Sub_Mask                                 0x20000011   Data           4  w5500.o(.data)
    Phy_Addr                                 0x20000015   Data           6  w5500.o(.data)
    IP_Addr                                  0x2000001b   Data           4  w5500.o(.data)
    S0_Port                                  0x2000001f   Data           2  w5500.o(.data)
    S0_DIP                                   0x20000021   Data           4  w5500.o(.data)
    S0_DPort                                 0x20000025   Data           2  w5500.o(.data)
    UDP_DIPR                                 0x20000027   Data           4  w5500.o(.data)
    UDP_DPORT                                0x2000002b   Data           2  w5500.o(.data)
    S0_Mode                                  0x2000002d   Data           1  w5500.o(.data)
    S0_State                                 0x2000002e   Data           1  w5500.o(.data)
    S0_Data                                  0x2000002f   Data           1  w5500.o(.data)
    W5500_Interrupt                          0x20000030   Data           1  w5500.o(.data)
    Count                                    0x20000031   Data           1  esp8266.o(.data)
    __stdout                                 0x20000054   Data           4  retarget.o(.data)
    __stdin                                  0x20000058   Data           4  retarget.o(.data)
    nrf_drv_uart_use_easy_dma                0x2000006c   Data           2  nrf_drv_uart.o(.data)
    SystemCoreClock                          0x20000078   Data           4  system_nrf52840.o(.data)
    Rx_Buffer                                0x2000007c   Data        2048  w5500.o(.bss)
    Tx_Buffer                                0x2000087c   Data        2048  w5500.o(.bss)
    Rx232buffer                              0x2000107c   Data          50  esp8266.o(.bss)
    BulbData                                 0x200012ae   Data          15  tm1914.o(.bss)
    __initial_sp                             0x200033d0   Data           0  arm_startup_nrf52840.o(STACK)



==============================================================================

Memory Map of the image

  Image Entry point : 0x00000201

  Load Region LR_IROM1 (Base: 0x00000000, Size: 0x00003bd8, Max: 0x00100000, ABSOLUTE)

    Execution Region ER_IROM1 (Base: 0x00000000, Size: 0x00003b5c, Max: 0x00100000, ABSOLUTE)

    Base Addr    Size         Type   Attr      Idx    E Section Name        Object

    0x00000000   0x00000200   Data   RO         2302    RESET               arm_startup_nrf52840.o
    0x00000200   0x00000000   Code   RO         2378  * .ARM.Collect$$$$00000000  mc_w.l(entry.o)
    0x00000200   0x00000004   Code   RO         2647    .ARM.Collect$$$$00000001  mc_w.l(entry2.o)
    0x00000204   0x00000004   Code   RO         2650    .ARM.Collect$$$$00000004  mc_w.l(entry5.o)
    0x00000208   0x00000000   Code   RO         2652    .ARM.Collect$$$$00000008  mc_w.l(entry7b.o)
    0x00000208   0x00000000   Code   RO         2654    .ARM.Collect$$$$0000000A  mc_w.l(entry8b.o)
    0x00000208   0x00000008   Code   RO         2655    .ARM.Collect$$$$0000000B  mc_w.l(entry9a.o)
    0x00000210   0x00000000   Code   RO         2657    .ARM.Collect$$$$0000000D  mc_w.l(entry10a.o)
    0x00000210   0x00000000   Code   RO         2659    .ARM.Collect$$$$0000000F  mc_w.l(entry11a.o)
    0x00000210   0x00000004   Code   RO         2648    .ARM.Collect$$$$00002712  mc_w.l(entry2.o)
    0x00000214   0x00000024   Code   RO         2303    .text               arm_startup_nrf52840.o
    0x00000238   0x00000024   Code   RO         2381    .text               mc_w.l(memcpya.o)
    0x0000025c   0x00000024   Code   RO         2383    .text               mc_w.l(strstr.o)
    0x00000280   0x00000024   Code   RO         2676    .text               mc_w.l(init.o)
    0x000002a4   0x00000024   Code   RO          446    i.CLR_Buf           esp8266.o
    0x000002c8   0x000000c8   Code   RO          190    i.Detect_Gateway    w5500.o
    0x00000390   0x0000022c   Code   RO         1811    i.GPIOTE_IRQHandler  nrfx_gpiote.o
    0x000005bc   0x0000001c   Code   RO          447    i.Hand              esp8266.o
    0x000005d8   0x00000098   Code   RO          191    i.Load_Net_Parameters  w5500.o
    0x00000670   0x00000244   Code   RO          193    i.Read_SOCK_Data_Buffer  w5500.o
    0x000008b4   0x00000070   Code   RO          194    i.Read_W5500_1Byte  w5500.o
    0x00000924   0x0000007c   Code   RO          195    i.Read_W5500_SOCK_1Byte  w5500.o
    0x000009a0   0x00000088   Code   RO          196    i.Read_W5500_SOCK_2Byte  w5500.o
    0x00000a28   0x0000004c   Code   RO          197    i.SPI1_Send_Byte    w5500.o
    0x00000a74   0x0000001c   Code   RO          198    i.SPI1_Send_Short   w5500.o
    0x00000a90   0x00000014   Code   RO         2134    i.SPIM0_SPIS0_TWIM0_TWIS0_SPI0_TWI0_IRQHandler  nrfx_spim.o
    0x00000aa4   0x000000fc   Code   RO          199    i.SPI_W5500_Init    w5500.o
    0x00000ba0   0x00000046   Code   RO          200    i.Socket_Connect    w5500.o
    0x00000be6   0x00000002   PAD
    0x00000be8   0x00000074   Code   RO          201    i.Socket_Init       w5500.o
    0x00000c5c   0x00000066   Code   RO          202    i.Socket_Listen     w5500.o
    0x00000cc2   0x0000003c   Code   RO          203    i.Socket_UDP        w5500.o
    0x00000cfe   0x00000002   PAD
    0x00000d00   0x00000010   Code   RO         2310    i.SystemCoreClockUpdate  system_nrf52840.o
    0x00000d10   0x00000230   Code   RO         2311    i.SystemInit        system_nrf52840.o
    0x00000f40   0x00000010   Code   RO          540    i.TM1914_Init       tm1914.o
    0x00000f50   0x0000013e   Code   RO          541    i.TM1914_SendByte   tm1914.o
    0x0000108e   0x00000002   PAD
    0x00001090   0x00000040   Code   RO          542    i.TM1914_SendFrame  tm1914.o
    0x000010d0   0x00000020   Code   RO          543    i.TM1914_SetData    tm1914.o
    0x000010f0   0x00000010   Code   RO         1760    i.UARTE0_UART0_IRQHandler  nrfx_prs.o
    0x00001100   0x0000002c   Code   RO          204    i.W5500_Hardware_Reset  w5500.o
    0x0000112c   0x00000098   Code   RO          205    i.W5500_Init        w5500.o
    0x000011c4   0x00000012   Code   RO          206    i.W5500_Initialization  w5500.o
    0x000011d6   0x00000002   PAD
    0x000011d8   0x000000c0   Code   RO          207    i.W5500_Interrupt_Process  w5500.o
    0x00001298   0x0000006c   Code   RO          208    i.W5500_Socket_Set  w5500.o
    0x00001304   0x00000026   Code   RO          210    i.Write_W5500_1Byte  w5500.o
    0x0000132a   0x00000026   Code   RO          211    i.Write_W5500_2Byte  w5500.o
    0x00001350   0x00000032   Code   RO          212    i.Write_W5500_SOCK_1Byte  w5500.o
    0x00001382   0x00000032   Code   RO          213    i.Write_W5500_SOCK_2Byte  w5500.o
    0x000013b4   0x0000004c   Code   RO          214    i.Write_W5500_SOCK_4Byte  w5500.o
    0x00001400   0x0000003a   Code   RO          215    i.Write_W5500_nByte  w5500.o
    0x0000143a   0x00000002   PAD
    0x0000143c   0x00000010   Code   RO         2388    i.__0printf$bare    mc_w.l(printfb.o)
    0x0000144c   0x0000000e   Code   RO         2688    i.__scatterload_copy  mc_w.l(handlers.o)
    0x0000145a   0x00000002   Code   RO         2689    i.__scatterload_null  mc_w.l(handlers.o)
    0x0000145c   0x0000000e   Code   RO         2690    i.__scatterload_zeroinit  mc_w.l(handlers.o)
    0x0000146a   0x00000022   Code   RO         2395    i._printf_core      mc_w.l(printfb.o)
    0x0000148c   0x0000005c   Code   RO          932    i.app_error_fault_handler  app_error_weak.o
    0x000014e8   0x0000001c   Code   RO          734    i.app_error_handler_bare  app_error.o
    0x00001504   0x0000001e   Code   RO         1121    i.app_fifo_get      app_fifo.o
    0x00001522   0x00000024   Code   RO         1122    i.app_fifo_init     app_fifo.o
    0x00001546   0x00000022   Code   RO         1124    i.app_fifo_put      app_fifo.o
    0x00001568   0x00000054   Code   RO          991    i.app_uart_get      app_uart_fifo.o
    0x000015bc   0x000000dc   Code   RO          992    i.app_uart_init     app_uart_fifo.o
    0x00001698   0x0000006c   Code   RO          993    i.app_uart_put      app_uart_fifo.o
    0x00001704   0x0000000a   Code   RO          772    i.app_util_critical_region_enter  app_util_platform.o
    0x0000170e   0x0000000a   Code   RO          773    i.app_util_critical_region_exit  app_util_platform.o
    0x00001718   0x00000014   Code   RO          774    i.app_util_disable_irq  app_util_platform.o
    0x0000172c   0x00000018   Code   RO          775    i.app_util_enable_irq  app_util_platform.o
    0x00001744   0x0000007c   Code   RO         1286    i.apply_config      nrfx_uart.o
    0x000017c0   0x0000007c   Code   RO         1546    i.apply_config      nrfx_uarte.o
    0x0000183c   0x0000002c   Code   RO          616    i.bsp_board_buttons_init  boards.o
    0x00001868   0x0000001a   Code   RO          617    i.bsp_board_init    boards.o
    0x00001882   0x00000002   PAD
    0x00001884   0x00000014   Code   RO          620    i.bsp_board_led_off  boards.o
    0x00001898   0x00000030   Code   RO          623    i.bsp_board_leds_init  boards.o
    0x000018c8   0x00000014   Code   RO          624    i.bsp_board_leds_off  boards.o
    0x000018dc   0x00000020   Code   RO         1812    i.channel_free      nrfx_gpiote.o
    0x000018fc   0x00000010   Code   RO         1813    i.channel_handler_get  nrfx_gpiote.o
    0x0000190c   0x00000080   Code   RO         1814    i.channel_port_alloc  nrfx_gpiote.o
    0x0000198c   0x0000000c   Code   RO         1815    i.channel_port_get  nrfx_gpiote.o
    0x00001998   0x0000001c   Code   RO         2312    i.errata_103        system_nrf52840.o
    0x000019b4   0x0000001c   Code   RO         2313    i.errata_115        system_nrf52840.o
    0x000019d0   0x0000001c   Code   RO         2314    i.errata_120        system_nrf52840.o
    0x000019ec   0x00000038   Code   RO         2315    i.errata_136        system_nrf52840.o
    0x00001a24   0x00000038   Code   RO         2316    i.errata_36         system_nrf52840.o
    0x00001a5c   0x00000038   Code   RO         2317    i.errata_66         system_nrf52840.o
    0x00001a94   0x0000001c   Code   RO         2318    i.errata_98         system_nrf52840.o
    0x00001ab0   0x000000dc   Code   RO          448    i.esp8266_asmod     esp8266.o
    0x00001b8c   0x000000c0   Code   RO          449    i.esp8266_init      esp8266.o
    0x00001c4c   0x0000004c   Code   RO          450    i.esp8266_test      esp8266.o
    0x00001c98   0x00000018   Code   RO         1127    i.fifo_get          app_fifo.o
    0x00001cb0   0x0000000a   Code   RO          994    i.fifo_length       app_uart_fifo.o
    0x00001cba   0x0000000a   Code   RO         1128    i.fifo_length       app_fifo.o
    0x00001cc4   0x00000012   Code   RO         1129    i.fifo_peek         app_fifo.o
    0x00001cd6   0x00000012   Code   RO         1130    i.fifo_put          app_fifo.o
    0x00001ce8   0x0000002e   Code   RO         2135    i.finish_transfer   nrfx_spim.o
    0x00001d16   0x00000010   Code   RO         1084    i.fputc             retarget.o
    0x00001d26   0x00000002   PAD
    0x00001d28   0x00000090   Code   RO            4    i.gpio_output_voltage_setup_3v3  main.o
    0x00001db8   0x00000048   Code   RO          216    i.in_pin_handler    w5500.o
    0x00001e00   0x000000a0   Code   RO         1288    i.interrupts_enable  nrfx_uart.o
    0x00001ea0   0x000000b4   Code   RO         1548    i.interrupts_enable  nrfx_uarte.o
    0x00001f54   0x00000024   Code   RO         2136    i.irq_handler       nrfx_spim.o
    0x00001f78   0x0000002c   Code   RO            5    i.main              main.o
    0x00001fa4   0x00000016   Code   RO         1816    i.nrf_bitmask_bit_is_set  nrfx_gpiote.o
    0x00001fba   0x00000016   Code   RO         1817    i.nrf_bitmask_bit_set  nrfx_gpiote.o
    0x00001fd0   0x00000030   Code   RO          217    i.nrf_delay_ms      w5500.o
    0x00002000   0x00000030   Code   RO          451    i.nrf_delay_ms      esp8266.o
    0x00002030   0x00000088   Code   RO         1246    i.nrf_drv_spi_init  nrf_drv_spi.o
    0x000020b8   0x00000032   Code   RO          218    i.nrf_drv_spi_transfer  w5500.o
    0x000020ea   0x00000002   PAD
    0x000020ec   0x0000008c   Code   RO         1200    i.nrf_drv_uart_init  nrf_drv_uart.o
    0x00002178   0x00000044   Code   RO          995    i.nrf_drv_uart_rx   app_uart_fifo.o
    0x000021bc   0x00000044   Code   RO          996    i.nrf_drv_uart_tx   app_uart_fifo.o
    0x00002200   0x00000034   Code   RO          628    i.nrf_gpio_cfg      boards.o
    0x00002234   0x00000034   Code   RO         1289    i.nrf_gpio_cfg      nrfx_uart.o
    0x00002268   0x00000034   Code   RO         1549    i.nrf_gpio_cfg      nrfx_uarte.o
    0x0000229c   0x00000034   Code   RO         1818    i.nrf_gpio_cfg      nrfx_gpiote.o
    0x000022d0   0x00000034   Code   RO         2137    i.nrf_gpio_cfg      nrfx_spim.o
    0x00002304   0x0000001a   Code   RO         1291    i.nrf_gpio_cfg_input  nrfx_uart.o
    0x0000231e   0x0000001a   Code   RO         1551    i.nrf_gpio_cfg_input  nrfx_uarte.o
    0x00002338   0x0000003c   Code   RO          545    i.nrf_gpio_cfg_output  tm1914.o
    0x00002374   0x00000018   Code   RO         1292    i.nrf_gpio_cfg_output  nrfx_uart.o
    0x0000238c   0x00000018   Code   RO         1552    i.nrf_gpio_cfg_output  nrfx_uarte.o
    0x000023a4   0x00000018   Code   RO         2138    i.nrf_gpio_cfg_output  nrfx_spim.o
    0x000023bc   0x0000003a   Code   RO         1820    i.nrf_gpio_cfg_sense_set  nrfx_gpiote.o
    0x000023f6   0x0000001a   Code   RO          219    i.nrf_gpio_pin_clear  w5500.o
    0x00002410   0x0000001a   Code   RO          546    i.nrf_gpio_pin_clear  tm1914.o
    0x0000242a   0x0000001a   Code   RO         2139    i.nrf_gpio_pin_clear  nrfx_spim.o
    0x00002444   0x00000020   Code   RO          220    i.nrf_gpio_pin_port_decode  w5500.o
    0x00002464   0x00000020   Code   RO          452    i.nrf_gpio_pin_port_decode  esp8266.o
    0x00002484   0x00000020   Code   RO          547    i.nrf_gpio_pin_port_decode  tm1914.o
    0x000024a4   0x00000020   Code   RO          629    i.nrf_gpio_pin_port_decode  boards.o
    0x000024c4   0x00000020   Code   RO         1293    i.nrf_gpio_pin_port_decode  nrfx_uart.o
    0x000024e4   0x00000020   Code   RO         1553    i.nrf_gpio_pin_port_decode  nrfx_uarte.o
    0x00002504   0x00000020   Code   RO         1822    i.nrf_gpio_pin_port_decode  nrfx_gpiote.o
    0x00002524   0x00000020   Code   RO         2140    i.nrf_gpio_pin_port_decode  nrfx_spim.o
    0x00002544   0x0000001a   Code   RO         1823    i.nrf_gpio_pin_read  nrfx_gpiote.o
    0x0000255e   0x0000001a   Code   RO          221    i.nrf_gpio_pin_set  w5500.o
    0x00002578   0x0000001a   Code   RO          548    i.nrf_gpio_pin_set  tm1914.o
    0x00002592   0x0000001a   Code   RO         1294    i.nrf_gpio_pin_set  nrfx_uart.o
    0x000025ac   0x0000001a   Code   RO         1554    i.nrf_gpio_pin_set  nrfx_uarte.o
    0x000025c6   0x0000001a   Code   RO         2141    i.nrf_gpio_pin_set  nrfx_spim.o
    0x000025e0   0x00000034   Code   RO            6    i.nrf_gpio_pin_toggle  main.o
    0x00002614   0x00000042   Code   RO          630    i.nrf_gpio_pin_write  boards.o
    0x00002656   0x00000002   PAD
    0x00002658   0x0000002c   Code   RO         1825    i.nrf_gpio_ports_read  nrfx_gpiote.o
    0x00002684   0x0000000c   Code   RO         1826    i.nrf_gpiote_event_addr_get  nrfx_gpiote.o
    0x00002690   0x0000001c   Code   RO         1827    i.nrf_gpiote_event_clear  nrfx_gpiote.o
    0x000026ac   0x00000016   Code   RO         1828    i.nrf_gpiote_event_is_set  nrfx_gpiote.o
    0x000026c2   0x00000002   PAD
    0x000026c4   0x0000000c   Code   RO         1829    i.nrf_gpiote_int_enable  nrfx_gpiote.o
    0x000026d0   0x0000000e   Code   RO         2142    i.nrf_spim_event_check  nrfx_spim.o
    0x000026de   0x0000000e   Code   RO         2143    i.nrf_spim_event_clear  nrfx_spim.o
    0x000026ec   0x00000006   Code   RO         2144    i.nrf_spim_int_disable  nrfx_spim.o
    0x000026f2   0x00000006   Code   RO         2145    i.nrf_spim_int_enable  nrfx_spim.o
    0x000026f8   0x00000006   Code   RO         2146    i.nrf_spim_task_trigger  nrfx_spim.o
    0x000026fe   0x0000000c   Code   RO         1295    i.nrf_uart_errorsrc_get_and_clear  nrfx_uart.o
    0x0000270a   0x0000000e   Code   RO         1296    i.nrf_uart_event_check  nrfx_uart.o
    0x00002718   0x0000000e   Code   RO         1297    i.nrf_uart_event_clear  nrfx_uart.o
    0x00002726   0x0000000c   Code   RO         1298    i.nrf_uart_hwfc_pins_set  nrfx_uart.o
    0x00002732   0x00000006   Code   RO         1299    i.nrf_uart_int_disable  nrfx_uart.o
    0x00002738   0x00000006   Code   RO         1300    i.nrf_uart_int_enable  nrfx_uart.o
    0x0000273e   0x00000012   Code   RO         1301    i.nrf_uart_int_enable_check  nrfx_uart.o
    0x00002750   0x00000006   Code   RO         1302    i.nrf_uart_task_trigger  nrfx_uart.o
    0x00002756   0x0000000e   Code   RO         1303    i.nrf_uart_txrx_pins_set  nrfx_uart.o
    0x00002764   0x0000000c   Code   RO         1555    i.nrf_uarte_errorsrc_get_and_clear  nrfx_uarte.o
    0x00002770   0x0000000e   Code   RO         1556    i.nrf_uarte_event_check  nrfx_uarte.o
    0x0000277e   0x0000000e   Code   RO         1557    i.nrf_uarte_event_clear  nrfx_uarte.o
    0x0000278c   0x0000000c   Code   RO         1558    i.nrf_uarte_hwfc_pins_set  nrfx_uarte.o
    0x00002798   0x00000006   Code   RO         1559    i.nrf_uarte_int_disable  nrfx_uarte.o
    0x0000279e   0x00000006   Code   RO         1560    i.nrf_uarte_int_enable  nrfx_uarte.o
    0x000027a4   0x0000000a   Code   RO         1561    i.nrf_uarte_rx_amount_get  nrfx_uarte.o
    0x000027ae   0x00000006   Code   RO         1562    i.nrf_uarte_task_trigger  nrfx_uarte.o
    0x000027b4   0x0000000e   Code   RO         1563    i.nrf_uarte_txrx_pins_set  nrfx_uarte.o
    0x000027c2   0x00000008   Code   RO         1304    i.nrfx_get_irq_number  nrfx_uart.o
    0x000027ca   0x00000008   Code   RO         1564    i.nrfx_get_irq_number  nrfx_uarte.o
    0x000027d2   0x00000008   Code   RO         2147    i.nrfx_get_irq_number  nrfx_spim.o
    0x000027da   0x00000002   PAD
    0x000027dc   0x000000ac   Code   RO         1836    i.nrfx_gpiote_in_event_enable  nrfx_gpiote.o
    0x00002888   0x000000f8   Code   RO         1837    i.nrfx_gpiote_in_init  nrfx_gpiote.o
    0x00002980   0x000000c4   Code   RO         1840    i.nrfx_gpiote_init  nrfx_gpiote.o
    0x00002a44   0x00000014   Code   RO         1565    i.nrfx_is_in_ram    nrfx_uarte.o
    0x00002a58   0x00000014   Code   RO         2148    i.nrfx_is_in_ram    nrfx_spim.o
    0x00002a6c   0x00000048   Code   RO         1761    i.nrfx_prs_acquire  nrfx_prs.o
    0x00002ab4   0x000001f0   Code   RO         2151    i.nrfx_spim_init    nrfx_spim.o
    0x00002ca4   0x0000006c   Code   RO         2154    i.nrfx_spim_xfer    nrfx_spim.o
    0x00002d10   0x00000014   Code   RO         1305    i.nrfx_uart_0_irq_handler  nrfx_uart.o
    0x00002d24   0x00000088   Code   RO         1307    i.nrfx_uart_init    nrfx_uart.o
    0x00002dac   0x00000124   Code   RO         1308    i.nrfx_uart_rx      nrfx_uart.o
    0x00002ed0   0x0000008c   Code   RO         1313    i.nrfx_uart_tx      nrfx_uart.o
    0x00002f5c   0x00000024   Code   RO         1315    i.nrfx_uart_tx_in_progress  nrfx_uart.o
    0x00002f80   0x00000014   Code   RO         1566    i.nrfx_uarte_0_irq_handler  nrfx_uarte.o
    0x00002f94   0x00000080   Code   RO         1568    i.nrfx_uarte_init   nrfx_uarte.o
    0x00003014   0x00000138   Code   RO         1569    i.nrfx_uarte_rx     nrfx_uarte.o
    0x0000314c   0x000000a8   Code   RO         1572    i.nrfx_uarte_tx     nrfx_uarte.o
    0x000031f4   0x00000020   Code   RO         1574    i.nrfx_uarte_tx_in_progress  nrfx_uarte.o
    0x00003214   0x00000014   Code   RO         1857    i.pin_configured_set  nrfx_gpiote.o
    0x00003228   0x0000001c   Code   RO         1858    i.pin_in_use_by_gpiote  nrfx_gpiote.o
    0x00003244   0x00000018   Code   RO         1859    i.pin_in_use_by_port  nrfx_gpiote.o
    0x0000325c   0x00000020   Code   RO         1860    i.pin_in_use_by_te  nrfx_gpiote.o
    0x0000327c   0x0000000c   Code   RO         1861    i.pin_in_use_clear  nrfx_gpiote.o
    0x00003288   0x00000018   Code   RO         1763    i.prs_box_get       nrfx_prs.o
    0x000032a0   0x0000003e   Code   RO         1318    i.rx_byte           nrfx_uart.o
    0x000032de   0x0000001c   Code   RO         1319    i.rx_done_event     nrfx_uart.o
    0x000032fa   0x00000020   Code   RO         1577    i.rx_done_event     nrfx_uarte.o
    0x0000331a   0x00000022   Code   RO         1320    i.rx_enable         nrfx_uart.o
    0x0000333c   0x0000000c   Code   RO          222    i.spi_w5500_event_handler  w5500.o
    0x00003348   0x00000040   Code   RO         1248    i.spim_evt_handler  nrf_drv_spi.o
    0x00003388   0x0000010e   Code   RO         2155    i.spim_xfer         nrfx_spim.o
    0x00003496   0x00000002   PAD
    0x00003498   0x000000a8   Code   RO            7    i.test              main.o
    0x00003540   0x00000036   Code   RO         1321    i.tx_blocking       nrfx_uart.o
    0x00003576   0x00000026   Code   RO         1322    i.tx_byte           nrfx_uart.o
    0x0000359c   0x00000020   Code   RO         1323    i.tx_done_event     nrfx_uart.o
    0x000035bc   0x00000024   Code   RO         1578    i.tx_done_event     nrfx_uarte.o
    0x000035e0   0x00000060   Code   RO          453    i.uart_error_handle  esp8266.o
    0x00003640   0x000000d4   Code   RO          997    i.uart_event_handler  app_uart_fifo.o
    0x00003714   0x00000038   Code   RO         1201    i.uart_evt_handler  nrf_drv_uart.o
    0x0000374c   0x0000014c   Code   RO         1324    i.uart_irq_handler  nrfx_uart.o
    0x00003898   0x00000038   Code   RO         1202    i.uarte_evt_handler  nrf_drv_uart.o
    0x000038d0   0x0000010c   Code   RO         1579    i.uarte_irq_handler  nrfx_uarte.o
    0x000039dc   0x00000004   PAD
    0x000039e0   0x0000002b   Data   RO          224    .constdata          w5500.o
    0x00003a0b   0x00000005   PAD
    0x00003a10   0x00000020   Data   RO          455    .constdata          esp8266.o
    0x00003a30   0x00000008   Data   RO          631    .constdata          boards.o
    0x00003a38   0x00000020   Data   RO          999    .constdata          app_uart_fifo.o
    0x00003a58   0x00000010   Data   RO         1250    .constdata          nrf_drv_spi.o
    0x00003a68   0x0000002e   Data   RO         1326    .constdata          nrfx_uart.o
    0x00003a96   0x00000002   PAD
    0x00003a98   0x00000030   Data   RO         1581    .constdata          nrfx_uarte.o
    0x00003ac8   0x00000042   Data   RO         1863    .constdata          nrfx_gpiote.o
    0x00003b0a   0x00000002   PAD
    0x00003b0c   0x0000002d   Data   RO         2157    .constdata          nrfx_spim.o
    0x00003b39   0x00000003   PAD
    0x00003b3c   0x00000020   Data   RO         2686    Region$$Table       anon$$obj.o


    Execution Region RW_IRAM1 (Base: 0x20000000, Size: 0x000033d0, Max: 0x00040000, ABSOLUTE)

    Base Addr    Size         Type   Attr      Idx    E Section Name        Object

    0x20000000   0x00000031   Data   RW          225    .data               w5500.o
    0x20000031   0x00000001   Data   RW          456    .data               esp8266.o
    0x20000032   0x00000002   PAD
    0x20000034   0x00000004   Data   RW          778    .data               app_util_platform.o
    0x20000038   0x0000001b   Data   RW         1000    .data               app_uart_fifo.o
    0x20000053   0x00000001   PAD
    0x20000054   0x00000008   Data   RW         1085    .data               retarget.o
    0x2000005c   0x00000012   Data   RW         1203    .data               nrf_drv_uart.o
    0x2000006e   0x00000002   PAD
    0x20000070   0x00000008   Data   RW         1765    .data               nrfx_prs.o
    0x20000078   0x00000004   Data   RW         2319    .data               system_nrf52840.o
    0x2000007c   0x00001000   Zero   RW          223    .bss                w5500.o
    0x2000107c   0x00000232   Zero   RW          454    .bss                esp8266.o
    0x200012ae   0x0000000f   Zero   RW          549    .bss                tm1914.o
    0x200012bd   0x00000003   PAD
    0x200012c0   0x00000020   Zero   RW          998    .bss                app_uart_fifo.o
    0x200012e0   0x00000020   Zero   RW         1249    .bss                nrf_drv_spi.o
    0x20001300   0x0000002c   Zero   RW         1325    .bss                nrfx_uart.o
    0x2000132c   0x00000024   Zero   RW         1580    .bss                nrfx_uarte.o
    0x20001350   0x0000005c   Zero   RW         1862    .bss                nrfx_gpiote.o
    0x200013ac   0x00000024   Zero   RW         2156    .bss                nrfx_spim.o
    0x200013d0   0x00002000   Zero   RW         2300    STACK               arm_startup_nrf52840.o


==============================================================================

Image component sizes


      Code (inc. data)   RO Data    RW Data    ZI Data      Debug   Object Name

        28          0          0          0          0       2341   app_error.o
        92         10          0          0          0        762   app_error_weak.o
       170          0          0          0          0       4842   app_fifo.o
       770        108         32         27         32      20822   app_uart_fifo.o
        64         10          0          4          0       2906   app_util_platform.o
        36          8        512          0       8192        868   arm_startup_nrf52840.o
       308         20          8          0          0       8874   boards.o
       728        154         32          1        562      12275   esp8266.o
       408         48          0          0          0      80221   main.o
       200         24         16          0         32       5867   nrf_drv_spi.o
       252         42          0         18          0      11956   nrf_drv_uart.o
      1806        120         66          0         92      59905   nrfx_gpiote.o
       112         14          0          8          0       3237   nrfx_prs.o
      1210         40         45          0         36      24241   nrfx_spim.o
      1758         56         46          0         44      59967   nrfx_uart.o
      1582         56         48          0         36      27093   nrfx_uarte.o
        16          0          0          8          0       2614   retarget.o
       856        108          0          4          0       5415   system_nrf52840.o
       574         14          0          0         15       8895   tm1914.o
      3098        218         43         49       4096      50911   w5500.o

    ----------------------------------------------------------------------
     14096       1050        892        124      13140     394012   Object Totals
         0          0         32          0          0          0   (incl. Generated)
        28          0         12          5          3          0   (incl. Padding)

    ----------------------------------------------------------------------

      Code (inc. data)   RO Data    RW Data    ZI Data      Debug   Library Member Name

         0          0          0          0          0          0   entry.o
         0          0          0          0          0          0   entry10a.o
         0          0          0          0          0          0   entry11a.o
         8          4          0          0          0          0   entry2.o
         4          0          0          0          0          0   entry5.o
         0          0          0          0          0          0   entry7b.o
         0          0          0          0          0          0   entry8b.o
         8          4          0          0          0          0   entry9a.o
        30          0          0          0          0          0   handlers.o
        36          8          0          0          0         68   init.o
        36          0          0          0          0         68   memcpya.o
        50          8          0          0          0        152   printfb.o
        36          0          0          0          0         80   strstr.o

    ----------------------------------------------------------------------
       208         24          0          0          0        368   Library Totals
         0          0          0          0          0          0   (incl. Padding)

    ----------------------------------------------------------------------

      Code (inc. data)   RO Data    RW Data    ZI Data      Debug   Library Name

       208         24          0          0          0        368   mc_w.l

    ----------------------------------------------------------------------
       208         24          0          0          0        368   Library Totals

    ----------------------------------------------------------------------

==============================================================================


      Code (inc. data)   RO Data    RW Data    ZI Data      Debug   

     14304       1074        892        124      13140     375480   Grand Totals
     14304       1074        892        124      13140     375480   ELF Image Totals
     14304       1074        892        124          0          0   ROM Totals

==============================================================================

    Total RO  Size (Code + RO Data)                15196 (  14.84kB)
    Total RW  Size (RW Data + ZI Data)             13264 (  12.95kB)
    Total ROM Size (Code + RO Data + RW Data)      15320 (  14.96kB)

==============================================================================

